################################################################################
#                                                                              #
#      IAR Universal Linker V6.5.4.100                                         #
#                                                                              #
#           Link time     =  09/May/2020  10:06:16                             #
#           Target CPU    =  x51                                               #
#           List file     =  "C:\Users\marti\Thesis\ZBOSS_KILLERBEE\ZBOSS-KILL #
#                            ERBEE v2.0\zboss_firmware_src_\hw\debug\CC2531\Li #
#                            st\zboss_sniffer.map"                             #
#           Output file 1 =  "C:\Users\marti\Thesis\ZBOSS_KILLERBEE\ZBOSS-KILL #
#                            ERBEE v2.0\zboss_firmware_src_\hw\debug\CC2531\Ex #
#                            e\zboss_sniffer.hex"                              #
#                            Format: ubrof10                                   #
#                            UBROF version 10.0.6                              #
#                            Using library modules for C-SPY (-rt)             #
#           Command line  =  -f C:\Users\marti\AppData\Local\Temp\EW68F5.tmp   #
#                            ("C:\Users\marti\Thesis\ZBOSS_KILLERBEE\ZBOSS-KIL #
#                            LERBEE v2.0\zboss_firmware_src_\hw\debug\CC2531\O #
#                            bj\hal_enter_pm.r51"                              #
#                            "C:\Users\marti\Thesis\ZBOSS_KILLERBEE\ZBOSS-KILL #
#                            ERBEE v2.0\zboss_firmware_src_\hw\debug\CC2531\Ob #
#                            j\usb_cdc_descriptor.r51"                         #
#                            "C:\Users\marti\Thesis\ZBOSS_KILLERBEE\ZBOSS-KILL #
#                            ERBEE v2.0\zboss_firmware_src_\hw\debug\CC2531\Ob #
#                            j\usb_cdc_hooks.r51"                              #
#                            "C:\Users\marti\Thesis\ZBOSS_KILLERBEE\ZBOSS-KILL #
#                            ERBEE v2.0\zboss_firmware_src_\hw\debug\CC2531\Ob #
#                            j\usb_descriptor_parser.r51"                      #
#                            "C:\Users\marti\Thesis\ZBOSS_KILLERBEE\ZBOSS-KILL #
#                            ERBEE v2.0\zboss_firmware_src_\hw\debug\CC2531\Ob #
#                            j\usb_firmware_library_config.r51"                #
#                            "C:\Users\marti\Thesis\ZBOSS_KILLERBEE\ZBOSS-KILL #
#                            ERBEE v2.0\zboss_firmware_src_\hw\debug\CC2531\Ob #
#                            j\usb_framework.r51"                              #
#                            "C:\Users\marti\Thesis\ZBOSS_KILLERBEE\ZBOSS-KILL #
#                            ERBEE v2.0\zboss_firmware_src_\hw\debug\CC2531\Ob #
#                            j\usb_interrupt.r51"                              #
#                            "C:\Users\marti\Thesis\ZBOSS_KILLERBEE\ZBOSS-KILL #
#                            ERBEE v2.0\zboss_firmware_src_\hw\debug\CC2531\Ob #
#                            j\usb_standard_requests.r51"                      #
#                            "C:\Users\marti\Thesis\ZBOSS_KILLERBEE\ZBOSS-KILL #
#                            ERBEE v2.0\zboss_firmware_src_\hw\debug\CC2531\Ob #
#                            j\usb_suspend.r51"                                #
#                            "C:\Users\marti\Thesis\ZBOSS_KILLERBEE\ZBOSS-KILL #
#                            ERBEE v2.0\zboss_firmware_src_\hw\debug\CC2531\Ob #
#                            j\usb_uart.r51"                                   #
#                            "C:\Users\marti\Thesis\ZBOSS_KILLERBEE\ZBOSS-KILL #
#                            ERBEE v2.0\zboss_firmware_src_\hw\debug\CC2531\Ob #
#                            j\zb_sniffer.r51"                                 #
#                            "C:\Users\marti\Thesis\ZBOSS_KILLERBEE\ZBOSS-KILL #
#                            ERBEE v2.0\zboss_firmware_src_\hw\debug\CC2531\Ob #
#                            j\zb_sniffer_leds.r51"                            #
#                            "C:\Users\marti\Thesis\ZBOSS_KILLERBEE\ZBOSS-KILL #
#                            ERBEE v2.0\zboss_firmware_src_\hw\debug\CC2531\Ob #
#                            j\zb_sniffer_radio.r51"                           #
#                            "C:\Users\marti\Thesis\ZBOSS_KILLERBEE\ZBOSS-KILL #
#                            ERBEE v2.0\zboss_firmware_src_\hw\debug\CC2531\Ob #
#                            j\zb_sniffer_time.r51"                            #
#                            "C:\Users\marti\Thesis\ZBOSS_KILLERBEE\ZBOSS-KILL #
#                            ERBEE v2.0\zboss_firmware_src_\hw\debug\CC2531\Ob #
#                            j\zb_sniffer_transport.r51"                       #
#                            "C:\Users\marti\Thesis\ZBOSS_KILLERBEE\ZBOSS-KILL #
#                            ERBEE v2.0\zboss_firmware_src_\hw\debug\CC2531\Ob #
#                            j\zb_sniffer_usb.r51"                             #
#                            -o                                                #
#                            "C:\Users\marti\Thesis\ZBOSS_KILLERBEE\ZBOSS-KILL #
#                            ERBEE v2.0\zboss_firmware_src_\hw\debug\CC2531\Ex #
#                            e\zboss_sniffer.hex"                              #
#                            -l                                                #
#                            "C:\Users\marti\Thesis\ZBOSS_KILLERBEE\ZBOSS-KILL #
#                            ERBEE v2.0\zboss_firmware_src_\hw\debug\CC2531\Li #
#                            st\zboss_sniffer.map"                             #
#                            -xms                                              #
#                            "-IC:\Program Files (x86)\IAR Systems\Embedded Wo #
#                            rkbench 8.1\8051\LIB\"                            #
#                            -f                                                #
#                            "C:\Program Files (x86)\IAR Systems\Embedded Work #
#                            bench 8.1\8051\config\devices\Texas Instruments\l #
#                            nk51ew_cc2531F256.xcl"                            #
#                            (-D_IDATA0_START=0x00 -D_IDATA0_END=0xFF          #
#                            -D_PDATA0_START=0x1E00 -D_PDATA0_END=0x1EFF       #
#                            -D_IXDATA0_START=0x0001 -D_IXDATA0_END=0x1EFF     #
#                            -D_XDATA0_START=_IXDATA0_START                    #
#                            -D_XDATA0_END=_IXDATA0_END                        #
#                            -D_CODE0_START=0x0000 -D_CODE0_END=0xFFFF         #
#                            -D?REGISTER_BANK=0x0 -D_REGISTER_BANK_START=0x0   #
#                            -D_BREG_START=0x00 -D?VB=0x20                     #
#                            -Z(BIT)BREG=_BREG_START -Z(BIT)BIT_N=0-7F         #
#                            -Z(DATA)REGISTERS+8=_REGISTER_BANK_START          #
#                            -Z(DATA)BDATA_Z,BDATA_N,BDATA_I=20-2F             #
#                            -Z(DATA)VREG=08-7F -Z(DATA)PSP,XSP=08-7F          #
#                            -Z(DATA)DOVERLAY=08-7F                            #
#                            -Z(DATA)DATA_I,DATA_Z,DATA_N=08-7F                #
#                            -U(IDATA)0-7F=(DATA)0-7F                          #
#                            -Z(IDATA)IDATA_I,IDATA_Z,IDATA_N=08-_IDATA0_END   #
#                            -Z(IDATA)ISTACK+_IDATA_STACK_SIZE#08-_IDATA0_END  #
#                            -Z(IDATA)IOVERLAY=08-FF -Z(CODE)INTVEC=0          #
#                            -Z(CODE)CSTART=_CODE0_START-_CODE0_END            #
#                            -Z(CODE)BIT_ID,BDATA_ID,DATA_ID,IDATA_ID,IXDATA_I #
#                            D,PDATA_ID,XDATA_ID=_CODE0_START-_CODE0_END       #
#                            -Z(CODE)RCODE,DIFUNCT,CODE_C,CODE_N,NEAR_CODE=_CO #
#                            DE0_START-_CODE0_END                              #
#                            -Z(CODE)CHECKSUM#_CODE0_END                       #
#                            -Z(XDATA)PDATA_Z,PDATA_I=_PDATA0_START-_PDATA0_EN #
#                            D                                                 #
#                            -P(XDATA)PDATA_N=_PDATA0_START-_PDATA0_END        #
#                            -Z(XDATA)PSTACK+_PDATA_STACK_SIZE=_PDATA0_START-_ #
#                            PDATA0_END                                        #
#                            -Z(XDATA)EXT_STACK+_EXTENDED_STACK_SIZE=_EXTENDED #
#                            _STACK_START                                      #
#                            -Z(XDATA)XSTACK+_XDATA_STACK_SIZE=_XDATA0_START-_ #
#                            XDATA0_END                                        #
#                            -Z(XDATA)IXDATA_Z,IXDATA_I=_IXDATA0_START-_IXDATA #
#                            0_END                                             #
#                            -P(XDATA)IXDATA_N=_IXDATA0_START-_IXDATA0_END     #
#                            -Z(XDATA)XDATA_Z,XDATA_I=_XDATA0_START-_XDATA0_EN #
#                            D                                                 #
#                            -P(XDATA)XDATA_N=_XDATA0_START-_XDATA0_END        #
#                            -Z(XDATA)XDATA_HEAP+_XDATA_HEAP_SIZE=_XDATA0_STAR #
#                            T-_XDATA0_END                                     #
#                            -Z(CONST)XDATA_ROM_C=_XDATA0_START-_XDATA0_END    #
#                            -cx51) -D?DPMASK=0x01                             #
#                            -D_NR_OF_VIRTUAL_REGISTERS=8 -D?DPS=0x92          #
#                            -D?PBANK=0x93 -D?DPL1=0x84 -D?DPH1=0x85           #
#                            -D?CBANK=0x9F -D?CBANK_MASK=0xFF                  #
#                            -e?BCALL_FF=?BCALL -e?BRET_FF=?BRET               #
#                            -e?BDISPATCH_FF=?BDISPATCH                        #
#                            -D_CODEBANK_START=0x8000 -D_CODEBANK_END=0xFFFF   #
#                            -D_NR_OF_BANKS=0x07                               #
#                            "-IC:\Program Files (x86)\IAR Systems\Embedded Wo #
#                            rkbench 8.1\8051\CONFIG\"                         #
#                            -e_large_write=_formatted_write                   #
#                            -e_large_read=_formatted_read -rt -s              #
#                            __program_start                                   #
#                            "C:\Program Files (x86)\IAR Systems\Embedded Work #
#                            bench 8.1\8051\LIB\CLIB\cl-pli-nlxd-2e16inc.r51"  #
#                            -D_IDATA_STACK_SIZE=0x40 -D?ESP=0 -D?ESP_MASK=0   #
#                            -D_EXTENDED_STACK_START=0                         #
#                            -D_EXTENDED_STACK_SIZE=0                          #
#                            -D_PDATA_STACK_SIZE=0x80                          #
#                            -D_XDATA_STACK_SIZE=0xEFF                         #
#                            -D_XDATA_HEAP_SIZE=0xFF -D_FAR_HEAP_SIZE=0xFFF    #
#                            -D_HUGE_HEAP_SIZE=0xFFF                           #
#                            -D_FAR22_HEAP_SIZE=0xFFF)                         #
#                                                                              #
#                           Copyright (C) 1987-2018 IAR Systems AB.            #
################################################################################





                ****************************************
                *                                      *
                *           CROSS REFERENCE            *
                *                                      *
                ****************************************

       Program entry at : CODE      000000D5  Relocatable, from module : CSTARTUP




                ****************************************
                *                                      *
                *            RUNTIME MODEL             *
                *                                      *
                ****************************************

  __SystemLibrary          = CLib
  __calling_convention     = xdata_reentrant
  __code_model             = near
  __core                   = plain
  __data_model             = large
  __dptr_size              = 16
  __dptr_visibility        = separate
  __extended_stack         = disabled
  __location_for_constants = data
  __number_of_dptrs        = 2
  __register_banks         = *
  __rt_version             = 1

                ****************************************
                *                                      *
                *    AUTOMATIC SYMBOL REDIRECTIONS     *
                *                                      *
                ****************************************

                  There are no automatic symbol redirections.



                ****************************************
                *                                      *
                *              MODULE MAP              *
                *                                      *
                ****************************************


  DEFINED ABSOLUTE ENTRIES
    *************************************************************************

  DEFINED ABSOLUTE ENTRIES
  PROGRAM MODULE, NAME : ?ABS_ENTRY_MOD

Absolute parts
           ENTRY                   ADDRESS         REF BY
           =====                   =======         ======
           _FAR22_HEAP_SIZE        00000FFF 
           _HUGE_HEAP_SIZE         00000FFF 
           _FAR_HEAP_SIZE          00000FFF 
           _XDATA_HEAP_SIZE        000000FF 
           _XDATA_STACK_SIZE       00000EFF 
           _PDATA_STACK_SIZE       00000080 
           _EXTENDED_STACK_SIZE    00000000 
           _EXTENDED_STACK_START   00000000 
           ?ESP_MASK               00000000 
           ?ESP                    00000000 
           _IDATA_STACK_SIZE       00000040 
           _NR_OF_BANKS            00000007 
           _CODEBANK_END           0000FFFF 
           _CODEBANK_START         00008000 
           ?CBANK_MASK             000000FF 
           ?CBANK                  0000009F 
           ?DPH1                   00000085        ?XSTACK_RESTORE_DPTRS_1 (?XSTACK_RESTORE_DPTR)
                                                   ?XSTACK_SAVE_DPTRS_1 (?XSTACK_SAVE_DPTR)
                                                   ConfigureEndpoints (usb_standard_requests)
                                                   Segment part 1 (?XSTACK_DISP8)
                                                   memcpy (?memcpy)
                                                   populate_transport_rb_from_buffer (usb_uart)
                                                   usbChannelProcess (usb_uart)
                                                   usbdpFindNext (usb_descriptor_parser)
                                                   usbfwReadFifo (usb_framework)
                                                   usbfwWriteFifo (usb_framework)
                                                   usbsrGetDescriptor (usb_standard_requests)
                                                   usbsrSetConfiguration (usb_standard_requests)
                                                   usbsrSetInterface (usb_standard_requests)
                                                   zb_rf_start_tx (zb_sniffer_radio)
                                                   zb_sniffer_get_next_block_for_host (zb_sniffer_transport)
                                                   zb_sniffer_rf_interrupt_handler (zb_sniffer_radio)
           ?DPL1                   00000084        ?XSTACK_RESTORE_DPTRS_1 (?XSTACK_RESTORE_DPTR)
                                                   ?XSTACK_SAVE_DPTRS_1 (?XSTACK_SAVE_DPTR)
                                                   ConfigureEndpoints (usb_standard_requests)
                                                   Segment part 1 (?XSTACK_DISP8)
                                                   memcpy (?memcpy)
                                                   populate_transport_rb_from_buffer (usb_uart)
                                                   usbChannelProcess (usb_uart)
                                                   usbdpFindNext (usb_descriptor_parser)
                                                   usbfwReadFifo (usb_framework)
                                                   usbfwWriteFifo (usb_framework)
                                                   usbsrGetDescriptor (usb_standard_requests)
                                                   usbsrSetConfiguration (usb_standard_requests)
                                                   usbsrSetInterface (usb_standard_requests)
                                                   zb_rf_start_tx (zb_sniffer_radio)
                                                   zb_sniffer_get_next_block_for_host (zb_sniffer_transport)
                                                   zb_sniffer_rf_interrupt_handler (zb_sniffer_radio)
           ?PBANK                  00000093 
           ?DPS                    00000092        ?C_GPTR_LOAD (?C_GPTR_LOAD)
                                                   ?C_GPTR_STORE (?C_GPTR_STORE)
                                                   ?FUNC_ENTER_XDATA (?FUNC_ENTER_XDATA)
                                                   ?FUNC_LEAVE_XDATA (?FUNC_LEAVE_XDATA)
                                                   ?INTERRUPT_ENTER_XSP (?INTERRUPT_ENTER_XSP)
                                                   ?INTERRUPT_LEAVE_XSP (?INTERRUPT_LEAVE_XSP)
                                                   ?MOVE_LONG8_XDATA_XDATA_2DPTR (?MOVE_LONG8_XDATA_XDATA_2DPTR)
                                                   ?RESET_DPS (CSTARTUP)
                                                   ConfigureEndpoints (usb_standard_requests)
                                                   execute_cmd (zb_sniffer)
                                                   memcpy (?memcpy)
                                                   populate_transport_rb_from_buffer (usb_uart)
                                                   usbChannelProcess (usb_uart)
                                                   usbEventProcess (usb_uart)
                                                   usbUartProcess (usb_uart)
                                                   usbcrHookProcessIn (usb_cdc_hooks)
                                                   usbcrHookProcessOut (usb_cdc_hooks)
                                                   usbdpFindNext (usb_descriptor_parser)
                                                   usbdpGetDeviceDesc (usb_descriptor_parser)
                                                   usbdpInit (usb_descriptor_parser)
                                                   usbfwReadFifo (usb_framework)
                                                   usbfwResetHandler (usb_framework)
                                                   usbfwSetAllEpStatus (usb_framework)
                                                   usbfwSetupHandler (usb_framework)
                                                   usbfwWriteFifo (usb_framework)
                                                   usbirqHookProcessEvents (usb_cdc_hooks)
                                                   usbsrClearFeature (usb_standard_requests)
                                                   usbsrGetConfiguration (usb_standard_requests)
                                                   usbsrGetDescriptor (usb_standard_requests)
                                                   usbsrGetStatus (usb_standard_requests)
                                                   usbsrHookClearFeature (usb_cdc_hooks)
                                                   usbsrHookProcessEvent (usb_cdc_hooks)
                                                   usbsrHookSetFeature (usb_cdc_hooks)
                                                   usbsrSetAddress (usb_standard_requests)
                                                   usbsrSetConfiguration (usb_standard_requests)
                                                   usbsrSetFeature (usb_standard_requests)
                                                   usbsrSetInterface (usb_standard_requests)
                                                   usbsuspEnter (usb_suspend)
                                                   usbvrHookProcessIn (usb_cdc_hooks)
                                                   usbvrHookProcessOut (usb_cdc_hooks)
                                                   zb_rf_start_tx (zb_sniffer_radio)
                                                   zb_set_channel (zb_sniffer_radio)
                                                   zb_sniffer_clock_set_src (zb_sniffer_time)
                                                   zb_sniffer_get_next_block_for_host (zb_sniffer_transport)
                                                   zb_sniffer_init (zb_sniffer)
                                                   zb_sniffer_init_clock (zb_sniffer_time)
                                                   zb_sniffer_iteration (zb_sniffer)
                                                   zb_sniffer_leds_init (zb_sniffer_leds)
                                                   zb_sniffer_leds_iteration (zb_sniffer_leds)
                                                   zb_sniffer_process_incoming_cmds (zb_sniffer)
                                                   zb_sniffer_rf_init_radio (zb_sniffer_radio)
                                                   zb_sniffer_rf_interrupt_handler (zb_sniffer_radio)
                                                   zb_sniffer_rf_start_rx (zb_sniffer_radio)
                                                   zb_sniffer_rf_stop_rx (zb_sniffer_radio)
                                                   zb_sniffer_rferr_interrupt_handler (zb_sniffer_radio)
                                                   zb_sniffer_send_iteration (zb_sniffer_radio)
                                                   zb_sniffer_start (zb_sniffer)
                                                   zb_sniffer_start_timer (zb_sniffer_time)
                                                   zb_sniffer_stop (zb_sniffer)
                                                   zb_sniffer_stop_timer (zb_sniffer_time)
                                                   zb_sniffer_timer_init (zb_sniffer_time)
                                                   zb_sniffer_transport_clear (zb_sniffer_transport)
                                                   zb_sniffer_transport_init (zb_sniffer_transport)
                                                   zb_sniffer_usb_init (zb_sniffer_usb)
           _NR_OF_VIRTUAL_REGISTERS
                                   00000008 
           ?DPMASK                 00000001        ?C_GPTR_LOAD (?C_GPTR_LOAD)
                                                   ?C_GPTR_STORE (?C_GPTR_STORE)
                                                   ?FUNC_ENTER_XDATA (?FUNC_ENTER_XDATA)
                                                   ?FUNC_LEAVE_XDATA (?FUNC_LEAVE_XDATA)
                                                   ?INTERRUPT_ENTER_XSP (?INTERRUPT_ENTER_XSP)
                                                   ?INTERRUPT_LEAVE_XSP (?INTERRUPT_LEAVE_XSP)
                                                   ?RESET_DPS (CSTARTUP)
           ?VB                     00000020        ?FUNC_ENTER_XDATA (?FUNC_ENTER_XDATA)
                                                   ?FUNC_LEAVE_XDATA (?FUNC_LEAVE_XDATA)
                                                   ?INTERRUPT_ENTER_XSP (?INTERRUPT_ENTER_XSP)
                                                   ?INTERRUPT_LEAVE_XSP (?INTERRUPT_LEAVE_XSP)
           _BREG_START             00000000 
           _REGISTER_BANK_START    00000000 
           ?REGISTER_BANK          00000000        Segment part 6 (CSTARTUP)
           _CODE0_END              0000FFFF 
           _CODE0_START            00000000 
           _XDATA0_END             00001EFF 
           _XDATA0_START           00000001 
           _IXDATA0_END            00001EFF 
           _IXDATA0_START          00000001 
           _PDATA0_END             00001EFF 
           _PDATA0_START           00001E00 
           _IDATA0_END             000000FF 
           _IDATA0_START           00000000 
    *************************************************************************

  FILE NAME : C:\Users\marti\Thesis\ZBOSS_KILLERBEE\ZBOSS-KILLERBEE v2.0\zboss_firmware_src_\hw\debug\CC2531\Obj\hal_enter_pm.r51
  PROGRAM MODULE, NAME : hal_enter_pm

  SEGMENTS IN THE MODULE
  ======================
NEAR_CODE
  Relative segment, address: CODE 000004F0 - 000004F4 (0x5 bytes), align: 2
  Segment part 0.
           ENTRY                   ADDRESS         REF BY
           =====                   =======         ======
           halEnterPowerMode       000004F0        usbsuspEnter (usb_suspend)

    *************************************************************************

  FILE NAME : C:\Users\marti\Thesis\ZBOSS_KILLERBEE\ZBOSS-KILLERBEE v2.0\zboss_firmware_src_\hw\debug\CC2531\Obj\usb_cdc_descriptor.r51
  LIBRARY MODULE, NAME : usb_descriptor

  SEGMENTS IN THE MODULE
  ======================
RCODE
  Relative segment, address: CODE 000000FD - 000001A7 (0xab bytes), align: 0
  Segment part 0. ROOT 
           ENTRY                   ADDRESS         REF BY
           =====                   =======         ======
           usbDescStart            000000FD        Segment part 7 (usb_firmware_library_config)
           usbDescEnd              000001A0        Segment part 7 (usb_firmware_library_config)
           usbDescLut              000001A0        Segment part 7 (usb_firmware_library_config)
           usbDescLutEnd           000001A0        Segment part 7 (usb_firmware_library_config)
           usbDblbufLut            000001A0        Segment part 7 (usb_firmware_library_config)
           usbDblbufLutEnd         000001A8        Segment part 7 (usb_firmware_library_config)
           LOCAL                   ADDRESS         
           =====                   =======         
           deviceDesc              000000FD 
           deviceDescEnd           0000010F 
           config1LengthStart      0000010F 
           configDesc              0000010F 
           configDescEnd           00000118 
           config1LengthEnd        00000152 
           interface0Desc          00000118 
           interface0DescEnd       00000121 
           headerFunctionalDesc    00000121 
           headerFunctionalDescEnd
                                   00000126 
           absCtrlManFuncDesc      00000126 
           absCtrlManFuncDescEnd   0000012A 
           unionFunctionalDesc     0000012A 
           unionFunctionalDescEnd
                                   0000012F 
           callMngFuncDesc         0000012F 
           callMngFuncDescEnd      00000134 
           endpoint0Desc           00000134 
           endpoint0DescEnd        0000013B 
           interface1Desc          0000013B 
           interface1DescEnd       00000144 
           endpoint1Desc           00000144 
           endpoint1DescEnd        0000014B 
           endpoint2Desc           0000014B 
           endpoint2DescEnd        00000152 
           string0Desc             00000152 
           string0DescEnd          00000156 
           string1Desc             00000156 
           string1DescEnd          0000017A 
           string2Desc             0000017A 
           string2DescEnd          00000198 
           string3Desc             00000198 
           string3DescEnd          000001A0 

    *************************************************************************

  FILE NAME : C:\Users\marti\Thesis\ZBOSS_KILLERBEE\ZBOSS-KILLERBEE v2.0\zboss_firmware_src_\hw\debug\CC2531\Obj\usb_cdc_hooks.r51
  PROGRAM MODULE, NAME : usb_cdc_hooks

  SEGMENTS IN THE MODULE
  ======================
NEAR_CODE
  Relative segment, address: CODE 000004F5 - 00000543 (0x4f bytes), align: 0
  Segment part 6.
           ENTRY                   ADDRESS         REF BY
           =====                   =======         ======
           usbcrHookProcessOut     000004F5        usbfwSetupHandler (usb_framework)
               is indirectly called
               ISTACK = 00000000 ( 00000002 )
    -------------------------------------------------------------------------
NEAR_CODE
  Relative segment, address: CODE 00000544 - 00000586 (0x43 bytes), align: 0
  Segment part 7.
           ENTRY                   ADDRESS         REF BY
           =====                   =======         ======
           usbcrHookProcessIn      00000544        usbfwSetupHandler (usb_framework)
               is indirectly called
               ISTACK = 00000000 ( 00000002 )
    -------------------------------------------------------------------------
NEAR_CODE
  Relative segment, address: CODE 00000587 - 0000059B (0x15 bytes), align: 0
  Segment part 8.
           ENTRY                   ADDRESS         REF BY
           =====                   =======         ======
           usbvrHookProcessOut     00000587        usbfwSetupHandler (usb_framework)
               is indirectly called
               ISTACK = 00000000 ( 00000002 )
    -------------------------------------------------------------------------
NEAR_CODE
  Relative segment, address: CODE 0000059C - 000005B0 (0x15 bytes), align: 0
  Segment part 9.
           ENTRY                   ADDRESS         REF BY
           =====                   =======         ======
           usbvrHookProcessIn      0000059C        usbfwSetupHandler (usb_framework)
               is indirectly called
               ISTACK = 00000000 ( 00000002 )
    -------------------------------------------------------------------------
NEAR_CODE
  Relative segment, address: CODE 000005B1 - 000005C5 (0x15 bytes), align: 0
  Segment part 12.
           ENTRY                   ADDRESS         REF BY
           =====                   =======         ======
           usbsrHookClearFeature   000005B1        usbsrClearFeature (usb_standard_requests)
               ISTACK = 00000000 ( 00000002 )
    -------------------------------------------------------------------------
NEAR_CODE
  Relative segment, address: CODE 000005C6 - 000005DA (0x15 bytes), align: 0
  Segment part 13.
           ENTRY                   ADDRESS         REF BY
           =====                   =======         ======
           usbsrHookSetFeature     000005C6        usbsrSetFeature (usb_standard_requests)
               ISTACK = 00000000 ( 00000002 )
    -------------------------------------------------------------------------
NEAR_CODE
  Relative segment, address: CODE 000005DB - 000005FB (0x21 bytes), align: 0
  Segment part 15.
           ENTRY                   ADDRESS         REF BY
           =====                   =======         ======
           usbsrHookProcessEvent   000005DB        ChangeFeature (usb_standard_requests)
                                                   usbsrSetConfiguration (usb_standard_requests)
                                                   usbsrSetInterface (usb_standard_requests)
    -------------------------------------------------------------------------
NEAR_CODE
  Relative segment, address: CODE 000005FC - 000005FF (0x4 bytes), align: 0
  Segment part 16.
           ENTRY                   ADDRESS         REF BY
           =====                   =======         ======
           usbirqHookProcessEvents
                                   000005FC        usbirqHandler (usb_interrupt)

    *************************************************************************

  FILE NAME : C:\Users\marti\Thesis\ZBOSS_KILLERBEE\ZBOSS-KILLERBEE v2.0\zboss_firmware_src_\hw\debug\CC2531\Obj\usb_descriptor_parser.r51
  PROGRAM MODULE, NAME : usb_descriptor_parser

  SEGMENTS IN THE MODULE
  ======================
XDATA_Z
  Relative segment, address: XDATA 00000F00 - 00000F01 (0x2 bytes), align: 0
  Segment part 6.             Intra module refs:   usbdpFindNext
                                                   usbdpInit
           LOCAL                   ADDRESS         
           =====                   =======         
           usbdpData               00000F00 
    -------------------------------------------------------------------------
NEAR_CODE
  Relative segment, address: CODE 00000600 - 0000061E (0x1f bytes), align: 0
  Segment part 7.             Intra module refs:   usbdpGetConfigurationDesc
                                                   usbdpGetDeviceDesc
                                                   usbdpGetStringDesc
           ENTRY                   ADDRESS         REF BY
           =====                   =======         ======
           usbdpInit               00000600 
               XSTACK = 0000000B ( 00000000 )
               ISTACK = 00000000 ( 00000002 )
    -------------------------------------------------------------------------
NEAR_CODE
  Relative segment, address: CODE 0000061F - 000006D6 (0xb8 bytes), align: 0
  Segment part 8.             Intra module refs:   usbdpGetConfigurationDesc
                                                   usbdpGetDeviceDesc
                                                   usbdpGetInterfaceDesc
                                                   usbdpGetStringDesc
           ENTRY                   ADDRESS         REF BY
           =====                   =======         ======
           usbdpFindNext           0000061F        ConfigureEndpoints (usb_standard_requests)
                                                   usbsrSetConfiguration (usb_standard_requests)
               XSTACK = 0000000C ( 0000000A )
    -------------------------------------------------------------------------
NEAR_CODE
  Relative segment, address: CODE 000006D7 - 000006E4 (0xe bytes), align: 0
  Segment part 9.
           ENTRY                   ADDRESS         REF BY
           =====                   =======         ======
           usbdpGetDeviceDesc      000006D7        usbsrGetDescriptor (usb_standard_requests)
               calls direct
    -------------------------------------------------------------------------
NEAR_CODE
  Relative segment, address: CODE 000006E5 - 0000072B (0x47 bytes), align: 0
  Segment part 10.            Intra module refs:   usbdpGetInterfaceDesc
           ENTRY                   ADDRESS         REF BY
           =====                   =======         ======
           usbdpGetConfigurationDesc
                                   000006E5        usbfwInit (usb_framework)
                                                   usbsrGetDescriptor (usb_standard_requests)
                                                   usbsrSetConfiguration (usb_standard_requests)
               calls direct
               XSTACK = 0000000C ( 0000000B )
    -------------------------------------------------------------------------
NEAR_CODE
  Relative segment, address: CODE 0000072C - 00000772 (0x47 bytes), align: 0
  Segment part 11.
           ENTRY                   ADDRESS         REF BY
           =====                   =======         ======
           usbdpGetInterfaceDesc   0000072C        usbsrSetInterface (usb_standard_requests)
               calls direct
               XSTACK = 00000000 ( 0000000C )
    -------------------------------------------------------------------------
NEAR_CODE
  Relative segment, address: CODE 00000773 - 0000079F (0x2d bytes), align: 0
  Segment part 12.
           ENTRY                   ADDRESS         REF BY
           =====                   =======         ======
           usbdpGetStringDesc      00000773        usbsrGetDescriptor (usb_standard_requests)
               calls direct
               XSTACK = 00000000 ( 00000009 )

    *************************************************************************

  FILE NAME : C:\Users\marti\Thesis\ZBOSS_KILLERBEE\ZBOSS-KILLERBEE v2.0\zboss_firmware_src_\hw\debug\CC2531\Obj\usb_firmware_library_config.r51
  PROGRAM MODULE, NAME : usb_firmware_library_config

  SEGMENTS IN THE MODULE
  ======================
XDATA_I
  Relative segment, address: XDATA 00001C80 - 00001C8B (0xc bytes), align: 0
  Segment part 6.
           ENTRY                   ADDRESS         REF BY
           =====                   =======         ======
           usbDescriptorMarker     00001C80        ConfigureEndpoints (usb_standard_requests)
                                                   usbdpFindNext (usb_descriptor_parser)
                                                   usbdpInit (usb_descriptor_parser)
                                                   usbsrGetDescriptor (usb_standard_requests)
    -------------------------------------------------------------------------
XDATA_ID
  Relative segment, address: CODE 000000E7 - 000000F2 (0xc bytes), align: 0
  Segment part 7.             Intra module refs:   usbDescriptorMarker

    *************************************************************************

  FILE NAME : C:\Users\marti\Thesis\ZBOSS_KILLERBEE\ZBOSS-KILLERBEE v2.0\zboss_firmware_src_\hw\debug\CC2531\Obj\usb_framework.r51
  PROGRAM MODULE, NAME : usb_framework

  SEGMENTS IN THE MODULE
  ======================
XDATA_Z
  Relative segment, address: XDATA 00000F02 - 00000F15 (0x14 bytes), align: 0
  Segment part 6.             Intra module refs:   usbfwInit
                                                   usbfwResetHandler
                                                   usbfwSetAllEpStatus
                                                   usbfwSetupHandler
           ENTRY                   ADDRESS         REF BY
           =====                   =======         ======
           usbfwData               00000F02        ChangeFeature (usb_standard_requests)
                                                   ConfigureEndpoints (usb_standard_requests)
                                                   usbcrHookProcessIn (usb_cdc_hooks)
                                                   usbcrHookProcessOut (usb_cdc_hooks)
                                                   usbsrGetConfiguration (usb_standard_requests)
                                                   usbsrGetDescriptor (usb_standard_requests)
                                                   usbsrGetInterface (usb_standard_requests)
                                                   usbsrGetStatus (usb_standard_requests)
                                                   usbsrHookClearFeature (usb_cdc_hooks)
                                                   usbsrHookSetFeature (usb_cdc_hooks)
                                                   usbsrSetAddress (usb_standard_requests)
                                                   usbsrSetConfiguration (usb_standard_requests)
                                                   usbsrSetInterface (usb_standard_requests)
                                                   usbvrHookProcessIn (usb_cdc_hooks)
                                                   usbvrHookProcessOut (usb_cdc_hooks)
    -------------------------------------------------------------------------
XDATA_Z
  Relative segment, address: XDATA 00000F16 - 00000F1A (0x5 bytes), align: 0
  Segment part 7.             Intra module refs:   usbfwSetupHandler
           ENTRY                   ADDRESS         REF BY
           =====                   =======         ======
           usbSetupData            00000F16        usbcrHookProcessIn (usb_cdc_hooks)
                                                   usbcrHookProcessOut (usb_cdc_hooks)
                                                   usbsrGetConfiguration (usb_standard_requests)
                                                   usbsrGetDescriptor (usb_standard_requests)
                                                   usbsrGetInterface (usb_standard_requests)
                                                   usbsrGetStatus (usb_standard_requests)
    -------------------------------------------------------------------------
XDATA_Z
  Relative segment, address: XDATA 00000F1B - 00000F22 (0x8 bytes), align: 0
  Segment part 8.             Intra module refs:   usbfwSetupHandler
           ENTRY                   ADDRESS         REF BY
           =====                   =======         ======
           usbSetupHeader          00000F1B        ChangeFeature (usb_standard_requests)
                                                   usbcrHookProcessIn (usb_cdc_hooks)
                                                   usbcrHookProcessOut (usb_cdc_hooks)
                                                   usbsrGetConfiguration (usb_standard_requests)
                                                   usbsrGetDescriptor (usb_standard_requests)
                                                   usbsrGetInterface (usb_standard_requests)
                                                   usbsrGetStatus (usb_standard_requests)
                                                   usbsrSetAddress (usb_standard_requests)
                                                   usbsrSetConfiguration (usb_standard_requests)
                                                   usbsrSetInterface (usb_standard_requests)
    -------------------------------------------------------------------------
DATA_Z
  Relative segment, address: DATA 00000012 - 00000013 (0x2 bytes), align: 0
  Segment part 9.             Intra module refs:   usbfwResetHandler
                                                   usbfwSetupHandler
           LOCAL                   ADDRESS         
           =====                   =======         
           ProcessFunc             00000012 
    -------------------------------------------------------------------------
NEAR_CODE
  Relative segment, address: CODE 000007A0 - 000007F0 (0x51 bytes), align: 0
  Segment part 10.
           ENTRY                   ADDRESS         REF BY
           =====                   =======         ======
           usbfwInit               000007A0        usbUartInit (usb_uart)
               calls direct
               XSTACK = 00000000 ( 00000009 )
    -------------------------------------------------------------------------
NEAR_CODE
  Relative segment, address: CODE 000007F1 - 0000081C (0x2c bytes), align: 0
  Segment part 11.
           ENTRY                   ADDRESS         REF BY
           =====                   =======         ======
           usbfwResetHandler       000007F1        usbEventProcess (usb_uart)
               calls direct
               ISTACK = 00000000 ( 00000002 )
    -------------------------------------------------------------------------
NEAR_CODE
  Relative segment, address: CODE 0000081D - 00000AE6 (0x2ca bytes), align: 0
  Segment part 12.
           ENTRY                   ADDRESS         REF BY
           =====                   =======         ======
           usbfwSetupHandler       0000081D        usbEventProcess (usb_uart)
               calls direct
               XSTACK = 00000000 ( 00000010 )
    -------------------------------------------------------------------------
NEAR_CODE
  Relative segment, address: CODE 00000AE7 - 00000B36 (0x50 bytes), align: 0
  Segment part 13.            Intra module refs:   usbfwResetHandler
           ENTRY                   ADDRESS         REF BY
           =====                   =======         ======
           usbfwSetAllEpStatus     00000AE7        usbsrSetConfiguration (usb_standard_requests)
               ISTACK = 00000000 ( 00000003 )
    -------------------------------------------------------------------------
NEAR_CODE
  Relative segment, address: CODE 00000B37 - 00000B8C (0x56 bytes), align: 0
  Segment part 14.            Intra module refs:   usbfwSetupHandler
           ENTRY                   ADDRESS         REF BY
           =====                   =======         ======
           usbfwReadFifo           00000B37        usbChannelProcess (usb_uart)
               XSTACK = 00000010 ( 0000000A )
               ISTACK = 00000000 ( 00000001 )
    -------------------------------------------------------------------------
NEAR_CODE
  Relative segment, address: CODE 00000B8D - 00000BE2 (0x56 bytes), align: 0
  Segment part 15.            Intra module refs:   usbfwSetupHandler
           ENTRY                   ADDRESS         REF BY
           =====                   =======         ======
           usbfwWriteFifo          00000B8D        usbOutProcess (usb_uart)
               XSTACK = 00000010 ( 0000000A )
               ISTACK = 00000000 ( 00000001 )

    *************************************************************************

  FILE NAME : C:\Users\marti\Thesis\ZBOSS_KILLERBEE\ZBOSS-KILLERBEE v2.0\zboss_firmware_src_\hw\debug\CC2531\Obj\usb_interrupt.r51
  PROGRAM MODULE, NAME : usb_interrupt

  SEGMENTS IN THE MODULE
  ======================
DATA_Z
  Relative segment, address: DATA 00000014 - 00000018 (0x5 bytes), align: 0
  Segment part 12.            Intra module refs:   usbirqHandler
                                                   usbirqInit
           ENTRY                   ADDRESS         REF BY
           =====                   =======         ======
           usbirqData              00000014        usbEventProcess (usb_uart)
                                                   usbsuspEnter (usb_suspend)
    -------------------------------------------------------------------------
SFR_AN
  Relative segment, address: DATA 0000008B - 0000008B (0x1 bytes), align: 0
  Segment part 1. ROOT        Intra module refs:   usbirqHandler
                                                   usbirqInit
                                                   usbsuspEnter (usb_suspend)
           ENTRY                   ADDRESS         REF BY
           =====                   =======         ======
           P2IFG                   0000008B 
    -------------------------------------------------------------------------
SFR_AN
  Relative segment, address: DATA 0000009A - 0000009A (0x1 bytes), align: 0
  Segment part 2. ROOT        Intra module refs:   usbOutProcess (usb_uart)
                                                   usbirqInit
                                                   usbsuspEnter (usb_suspend)
                                                   zb_rf_start_tx (zb_sniffer_radio)
                                                   zb_sniffer_rf_init_radio (zb_sniffer_radio)
           ENTRY                   ADDRESS         REF BY
           =====                   =======         ======
           IEN2                    0000009A 
    -------------------------------------------------------------------------
SFR_AN
  Relative segment, address: DATA 0000009D - 0000009D (0x1 bytes), align: 0
  Segment part 3. ROOT        Intra module refs:   usbirqHandler
                                                   usbsuspEnter (usb_suspend)
                                                   zb_sniffer_clock_set_src (zb_sniffer_time)
           ENTRY                   ADDRESS         REF BY
           =====                   =======         ======
           SLEEPSTA                0000009D 
    -------------------------------------------------------------------------
SFR_AN
  Relative segment, address: DATA 000000AC - 000000AC (0x1 bytes), align: 0
  Segment part 4. ROOT        Intra module refs:   usbOutProcess (usb_uart)
                                                   usbirqInit
                                                   usbsuspEnter (usb_suspend)
           ENTRY                   ADDRESS         REF BY
           =====                   =======         ======
           P2IEN                   000000AC 
    -------------------------------------------------------------------------
SFR_AN
  Relative segment, address: DATA 000000E8 - 000000E8 (0x1 bytes), align: 0
  Segment part 5. ROOT        Intra module refs:   usbirqHandler
                                                   usbirqInit
                                                   usbsuspEnter (usb_suspend)
           ENTRY                   ADDRESS         REF BY
           =====                   =======         ======
           _A_IRCON2               000000E8 
           LOCAL                   ADDRESS         
           =====                   =======         
           IRCON2                  000000E8 
    -------------------------------------------------------------------------
NEAR_CODE
  Relative segment, address: CODE 00000BE3 - 00000C2D (0x4b bytes), align: 0
  Segment part 13.
           ENTRY                   ADDRESS         REF BY
           =====                   =======         ======
           usbirqInit              00000BE3        usbUartInit (usb_uart)
               XSTACK = 00000000 ( 00000009 )
    -------------------------------------------------------------------------
NEAR_CODE
  Relative segment, address: CODE 00000C2E - 00000CEB (0xbe bytes), align: 0
  Segment part 14.            Intra module refs:   usbirqHandler::??INTVEC 51
           ENTRY                   ADDRESS         REF BY
           =====                   =======         ======
           usbirqHandler           00000C2E 
               interrupt function
               calls direct
               XSTACK = 00000000 ( 00000010 )
    -------------------------------------------------------------------------
INTVEC
  Common segment, address: CODE 00000000 - 00000035 (0x36 bytes), align: 0
  Segment part 6. ROOT 
           ENTRY                   ADDRESS         REF BY
           =====                   =======         ======
           usbirqHandler::??INTVEC 51
                                   00000033 

    *************************************************************************

  FILE NAME : C:\Users\marti\Thesis\ZBOSS_KILLERBEE\ZBOSS-KILLERBEE v2.0\zboss_firmware_src_\hw\debug\CC2531\Obj\usb_standard_requests.r51
  PROGRAM MODULE, NAME : usb_standard_requests

  SEGMENTS IN THE MODULE
  ======================
NEAR_CODE
  Relative segment, address: CODE 00000CEC - 00000E52 (0x167 bytes), align: 0
  Segment part 7.
           ENTRY                   ADDRESS         REF BY
           =====                   =======         ======
           usbsrGetStatus          00000CEC        usbfwSetupHandler (usb_framework)
               ISTACK = 00000000 ( 00000002 )
    -------------------------------------------------------------------------
XDATA_Z
  Relative segment, address: XDATA 00000F23 - 00000F24 (0x2 bytes), align: 0
  Segment part 6.             Intra module refs:   usbsrGetStatus
           LOCAL                   ADDRESS         
           =====                   =======         
           usbsrGetStatus::status
                                   00000F23 
    -------------------------------------------------------------------------
NEAR_CODE
  Relative segment, address: CODE 00000E53 - 00000F93 (0x141 bytes), align: 0
  Segment part 8.             Intra module refs:   usbsrClearFeature
                                                   usbsrSetFeature
           LOCAL                   ADDRESS         
           =====                   =======         
           ChangeFeature           00000E53 
               calls direct
               XSTACK = 00000000 ( 00000008 )
               ISTACK = 00000000 ( 00000001 )
    -------------------------------------------------------------------------
NEAR_CODE
  Relative segment, address: CODE 00000F94 - 00000FA2 (0xf bytes), align: 0
  Segment part 9.
           ENTRY                   ADDRESS         REF BY
           =====                   =======         ======
           usbsrClearFeature       00000F94        usbfwSetupHandler (usb_framework)
               calls direct
    -------------------------------------------------------------------------
NEAR_CODE
  Relative segment, address: CODE 00000FA3 - 00000FB1 (0xf bytes), align: 0
  Segment part 10.
           ENTRY                   ADDRESS         REF BY
           =====                   =======         ======
           usbsrSetFeature         00000FA3        usbfwSetupHandler (usb_framework)
               calls direct
    -------------------------------------------------------------------------
NEAR_CODE
  Relative segment, address: CODE 00000FB2 - 00001028 (0x77 bytes), align: 0
  Segment part 11.
           ENTRY                   ADDRESS         REF BY
           =====                   =======         ======
           usbsrSetAddress         00000FB2        usbfwSetupHandler (usb_framework)
               ISTACK = 00000000 ( 00000002 )
    -------------------------------------------------------------------------
NEAR_CODE
  Relative segment, address: CODE 00001029 - 0000138F (0x367 bytes), align: 0
  Segment part 12.
           ENTRY                   ADDRESS         REF BY
           =====                   =======         ======
           usbsrGetDescriptor      00001029        usbfwSetupHandler (usb_framework)
               calls direct
               XSTACK = 00000000 ( 0000000C )
    -------------------------------------------------------------------------
NEAR_CODE
  Relative segment, address: CODE 00001390 - 00001566 (0x1d7 bytes), align: 0
  Segment part 13.            Intra module refs:   usbsrSetConfiguration
                                                   usbsrSetInterface
           LOCAL                   ADDRESS         
           =====                   =======         
           ConfigureEndpoints      00001390 
               calls direct
               XSTACK = 0000000D ( 00000013 )
    -------------------------------------------------------------------------
NEAR_CODE
  Relative segment, address: CODE 00001567 - 000015C1 (0x5b bytes), align: 0
  Segment part 14.
           ENTRY                   ADDRESS         REF BY
           =====                   =======         ======
           usbsrGetConfiguration   00001567        usbfwSetupHandler (usb_framework)
               ISTACK = 00000000 ( 00000002 )
    -------------------------------------------------------------------------
NEAR_CODE
  Relative segment, address: CODE 000015C2 - 000016F7 (0x136 bytes), align: 0
  Segment part 15.
           ENTRY                   ADDRESS         REF BY
           =====                   =======         ======
           usbsrSetConfiguration   000015C2        usbfwSetupHandler (usb_framework)
               calls direct
               XSTACK = 00000000 ( 0000000D )
    -------------------------------------------------------------------------
NEAR_CODE
  Relative segment, address: CODE 000016F8 - 00001762 (0x6b bytes), align: 0
  Segment part 16.
           ENTRY                   ADDRESS         REF BY
           =====                   =======         ======
           usbsrGetInterface       000016F8        usbfwSetupHandler (usb_framework)
               XSTACK = 00000000 ( 0000000A )
    -------------------------------------------------------------------------
NEAR_CODE
  Relative segment, address: CODE 00001763 - 00001826 (0xc4 bytes), align: 0
  Segment part 17.
           ENTRY                   ADDRESS         REF BY
           =====                   =======         ======
           usbsrSetInterface       00001763        usbfwSetupHandler (usb_framework)
               calls direct
               XSTACK = 00000000 ( 0000000B )
               ISTACK = 00000000 ( 00000001 )

    *************************************************************************

  FILE NAME : C:\Users\marti\Thesis\ZBOSS_KILLERBEE\ZBOSS-KILLERBEE v2.0\zboss_firmware_src_\hw\debug\CC2531\Obj\usb_suspend.r51
  PROGRAM MODULE, NAME : usb_suspend

  SEGMENTS IN THE MODULE
  ======================
SFR_AN
  Relative segment, address: DATA 000000BE - 000000BE (0x1 bytes), align: 0
  Segment part 5. ROOT        Intra module refs:   usbsuspEnter
                                                   zb_sniffer_clock_set_src (zb_sniffer_time)
           ENTRY                   ADDRESS         REF BY
           =====                   =======         ======
           SLEEPCMD                000000BE 
    -------------------------------------------------------------------------
XDATA_Z
  Relative segment, address: XDATA 00000F25 - 00000F26 (0x2 bytes), align: 0
  Segment part 12.            Intra module refs:   usbsuspEnter
           ENTRY                   ADDRESS         REF BY
           =====                   =======         ======
           pFnSuspendEnterHook     00000F25 
    -------------------------------------------------------------------------
XDATA_Z
  Relative segment, address: XDATA 00000F27 - 00000F28 (0x2 bytes), align: 0
  Segment part 13.            Intra module refs:   usbsuspEnter
           ENTRY                   ADDRESS         REF BY
           =====                   =======         ======
           pFnSuspendExitHook      00000F27 
    -------------------------------------------------------------------------
NEAR_CODE
  Relative segment, address: CODE 00001827 - 000018B8 (0x92 bytes), align: 0
  Segment part 14.
           ENTRY                   ADDRESS         REF BY
           =====                   =======         ======
           usbsuspEnter            00001827        usbEventProcess (usb_uart)
               calls direct
               XSTACK = 00000000 ( 0000000A )

    *************************************************************************

  FILE NAME : C:\Users\marti\Thesis\ZBOSS_KILLERBEE\ZBOSS-KILLERBEE v2.0\zboss_firmware_src_\hw\debug\CC2531\Obj\usb_uart.r51
  PROGRAM MODULE, NAME : usb_uart

  SEGMENTS IN THE MODULE
  ======================
SFR_AN
  Relative segment, address: DATA 00000090 - 00000090 (0x1 bytes), align: 0
  Segment part 1. ROOT        Intra module refs:   usbUartInit
                                                   zb_rf_start_tx (zb_sniffer_radio)
                                                   zb_sniffer_leds_init (zb_sniffer_leds)
                                                   zb_sniffer_leds_iteration (zb_sniffer_leds)
                                                   zb_sniffer_rf_interrupt_handler (zb_sniffer_radio)
           ENTRY                   ADDRESS         REF BY
           =====                   =======         ======
           _A_P1                   00000090 
           LOCAL                   ADDRESS         
           =====                   =======         
           P1                      00000090 
    -------------------------------------------------------------------------
SFR_AN
  Relative segment, address: DATA 000000A8 - 000000A8 (0x1 bytes), align: 0
  Segment part 3. ROOT        Intra module refs:   usbChannelProcess
                                                   usbUartInit
                                                   zb_sniffer_rf_interrupt_handler (zb_sniffer_radio)
                                                   zb_sniffer_transport_clear (zb_sniffer_transport)
           ENTRY                   ADDRESS         REF BY
           =====                   =======         ======
           _A_IEN0                 000000A8 
           LOCAL                   ADDRESS         
           =====                   =======         
           IEN0                    000000A8 
    -------------------------------------------------------------------------
SFR_AN
  Relative segment, address: DATA 000000F4 - 000000F4 (0x1 bytes), align: 0
  Segment part 5. ROOT        Intra module refs:   usbUartInit
                                                   zb_sniffer_leds_init (zb_sniffer_leds)
           ENTRY                   ADDRESS         REF BY
           =====                   =======         ======
           P1SEL                   000000F4 
    -------------------------------------------------------------------------
SFR_AN
  Relative segment, address: DATA 000000FE - 000000FE (0x1 bytes), align: 0
  Segment part 6. ROOT        Intra module refs:   usbUartInit
                                                   zb_sniffer_leds_init (zb_sniffer_leds)
           ENTRY                   ADDRESS         REF BY
           =====                   =======         ======
           P1DIR                   000000FE 
    -------------------------------------------------------------------------
XDATA_Z
  Relative segment, address: XDATA 00000F29 - 00000F2F (0x7 bytes), align: 0
  Segment part 12.            Intra module refs:   usbUartInit
           ENTRY                   ADDRESS         REF BY
           =====                   =======         ======
           currentLineCoding       00000F29        usbcrHookProcessIn (usb_cdc_hooks)
                                                   usbcrHookProcessOut (usb_cdc_hooks)
    -------------------------------------------------------------------------
XDATA_Z
  Relative segment, address: XDATA 00000F30 - 00000FAF (0x80 bytes), align: 0
  Segment part 13.            Intra module refs:   populate_transport_rb_from_buffer
                                                   usbChannelProcess
                                                   usbOutProcess
           LOCAL                   ADDRESS         
           =====                   =======         
           buffer                  00000F30 
    -------------------------------------------------------------------------
XDATA_Z
  Relative segment, address: XDATA 00000FB0 - 00000FB0 (0x1 bytes), align: 0
  Segment part 14.            Intra module refs:   usbChannelProcess
                                                   usbOutProcess
           LOCAL                   ADDRESS         
           =====                   =======         
           oldEndpoint             00000FB0 
    -------------------------------------------------------------------------
XDATA_Z
  Relative segment, address: XDATA 00000FB1 - 00000FB1 (0x1 bytes), align: 0
  Segment part 15.            Intra module refs:   populate_transport_rb_from_buffer
                                                   usbChannelProcess
           ENTRY                   ADDRESS         REF BY
           =====                   =======         ======
           bytes_arrived           00000FB1 
    -------------------------------------------------------------------------
NEAR_CODE
  Relative segment, address: CODE 000018B9 - 000018F8 (0x40 bytes), align: 0
  Segment part 16.
           ENTRY                   ADDRESS         REF BY
           =====                   =======         ======
           usbUartInit             000018B9        zb_sniffer_usb_init (zb_sniffer_usb)
               calls direct
               XSTACK = 00000000 ( 0000000B )
    -------------------------------------------------------------------------
NEAR_CODE
  Relative segment, address: CODE 000018F9 - 00001905 (0xd bytes), align: 0
  Segment part 17.
           ENTRY                   ADDRESS         REF BY
           =====                   =======         ======
           usbUartProcess          000018F9        zb_sniffer_iteration (zb_sniffer)
               calls direct
    -------------------------------------------------------------------------
NEAR_CODE
  Relative segment, address: CODE 00001906 - 00001A15 (0x110 bytes), align: 0
  Segment part 18.            Intra module refs:   usbChannelProcess
           ENTRY                   ADDRESS         REF BY
           =====                   =======         ======
           populate_transport_rb_from_buffer
                                   00001906 
               XSTACK = 0000000C ( 0000000A )
               ISTACK = 00000000 ( 00000001 )
    -------------------------------------------------------------------------
NEAR_CODE
  Relative segment, address: CODE 00001A16 - 00001A6D (0x58 bytes), align: 0
  Segment part 19.            Intra module refs:   usbUartProcess
           LOCAL                   ADDRESS         
           =====                   =======         
           usbEventProcess         00001A16 
               calls direct
    -------------------------------------------------------------------------
NEAR_CODE
  Relative segment, address: CODE 00001A6E - 00001B35 (0xc8 bytes), align: 0
  Segment part 20.            Intra module refs:   usbUartProcess
           LOCAL                   ADDRESS         
           =====                   =======         
           usbOutProcess           00001A6E 
               calls direct
               XSTACK = 00000000 ( 0000000F )
    -------------------------------------------------------------------------
NEAR_CODE
  Relative segment, address: CODE 00001B36 - 00001C5D (0x128 bytes), align: 0
  Segment part 21.            Intra module refs:   usbUartProcess
           LOCAL                   ADDRESS         
           =====                   =======         
           usbChannelProcess       00001B36 
               calls direct
               XSTACK = 00000000 ( 0000000F )
               ISTACK = 00000000 ( 00000001 )

    *************************************************************************

  FILE NAME : C:\Users\marti\Thesis\ZBOSS_KILLERBEE\ZBOSS-KILLERBEE v2.0\zboss_firmware_src_\hw\debug\CC2531\Obj\zb_sniffer.r51
  PROGRAM MODULE, NAME : zb_sniffer

  SEGMENTS IN THE MODULE
  ======================
XDATA_Z
  Relative segment, address: XDATA 00000FB2 - 00001C5F (0xcae bytes), align: 0
  Segment part 6.             Intra module refs:   zb_sniffer_iteration
           ENTRY                   ADDRESS         REF BY
           =====                   =======         ======
           transport_rb            00000FB2        populate_transport_rb_from_buffer (usb_uart)
                                                   usbOutProcess (usb_uart)
                                                   zb_rf_start_tx (zb_sniffer_radio)
                                                   zb_sniffer_get_next_block_for_host (zb_sniffer_transport)
                                                   zb_sniffer_rf_interrupt_handler (zb_sniffer_radio)
                                                   zb_sniffer_send_iteration (zb_sniffer_radio)
                                                   zb_sniffer_transport_clear (zb_sniffer_transport)
    -------------------------------------------------------------------------
XDATA_Z
  Relative segment, address: XDATA 00001C60 - 00001C6D (0xe bytes), align: 0
  Segment part 7.             Intra module refs:   zb_sniffer_process_incoming_cmds
           ENTRY                   ADDRESS         REF BY
           =====                   =======         ======
           cmd_rb                  00001C60        usbChannelProcess (usb_uart)
                                                   zb_sniffer_transport_init (zb_sniffer_transport)
    -------------------------------------------------------------------------
XDATA_Z
  Relative segment, address: XDATA 00001C6E - 00001C6E (0x1 bytes), align: 0
  Segment part 8.             Intra module refs:   execute_cmd
           ENTRY                   ADDRESS         REF BY
           =====                   =======         ======
           packet_is_arriving      00001C6E        usbChannelProcess (usb_uart)
                                                   usbOutProcess (usb_uart)
    -------------------------------------------------------------------------
NEAR_CODE
  Relative segment, address: CODE 00001C5E - 00001C6D (0x10 bytes), align: 0
  Segment part 9.             Intra module refs:   main
           ENTRY                   ADDRESS         REF BY
           =====                   =======         ======
           zb_sniffer_init         00001C5E 
               calls direct
    -------------------------------------------------------------------------
NEAR_CODE
  Relative segment, address: CODE 00001C6E - 00001C77 (0xa bytes), align: 0
  Segment part 10.            Intra module refs:   execute_cmd
           ENTRY                   ADDRESS         REF BY
           =====                   =======         ======
           zb_sniffer_start        00001C6E 
               calls direct
               XSTACK = 0000000A ( 00000000 )
    -------------------------------------------------------------------------
NEAR_CODE
  Relative segment, address: CODE 00001C78 - 00001C84 (0xd bytes), align: 0
  Segment part 13.            Intra module refs:   execute_cmd
           ENTRY                   ADDRESS         REF BY
           =====                   =======         ======
           zb_sniffer_stop         00001C78 
               calls direct
               XSTACK = 0000000A ( 00000000 )
    -------------------------------------------------------------------------
NEAR_CODE
  Relative segment, address: CODE 00001C85 - 00001CDF (0x5b bytes), align: 0
  Segment part 14.            Intra module refs:   zb_sniffer_process_incoming_cmds
           LOCAL                   ADDRESS         
           =====                   =======         
           execute_cmd             00001C85 
               calls direct
               XSTACK = 0000000A ( 0000000A )
    -------------------------------------------------------------------------
NEAR_CODE
  Relative segment, address: CODE 00001CE0 - 00001D4D (0x6e bytes), align: 0
  Segment part 15.            Intra module refs:   zb_sniffer_iteration
           ENTRY                   ADDRESS         REF BY
           =====                   =======         ======
           zb_sniffer_process_incoming_cmds
                                   00001CE0 
               calls direct
               XSTACK = 00000000 ( 0000000A )
    -------------------------------------------------------------------------
NEAR_CODE
  Relative segment, address: CODE 00001D4E - 00001D82 (0x35 bytes), align: 0
  Segment part 16.            Intra module refs:   main
           ENTRY                   ADDRESS         REF BY
           =====                   =======         ======
           zb_sniffer_iteration    00001D4E 
               calls direct
               ISTACK = 00000000 ( 00000002 )
    -------------------------------------------------------------------------
NEAR_CODE
  Relative segment, address: CODE 00001D83 - 00001D8A (0x8 bytes), align: 0
  Segment part 17.
           ENTRY                   ADDRESS         REF BY
           =====                   =======         ======
           main                    00001D83        ?call_main (?cmain)
               calls direct

    *************************************************************************

  FILE NAME : C:\Users\marti\Thesis\ZBOSS_KILLERBEE\ZBOSS-KILLERBEE v2.0\zboss_firmware_src_\hw\debug\CC2531\Obj\zb_sniffer_leds.r51
  PROGRAM MODULE, NAME : zb_sniffer_leds

  SEGMENTS IN THE MODULE
  ======================
SFR_AN
  Relative segment, address: DATA 00000080 - 00000080 (0x1 bytes), align: 0
  Segment part 1. ROOT        Intra module refs:   zb_sniffer_leds_init
                                                   zb_sniffer_leds_iteration
           ENTRY                   ADDRESS         REF BY
           =====                   =======         ======
           _A_P0                   00000080 
           LOCAL                   ADDRESS         
           =====                   =======         
           P0                      00000080 
    -------------------------------------------------------------------------
SFR_AN
  Relative segment, address: DATA 000000F3 - 000000F3 (0x1 bytes), align: 0
  Segment part 3. ROOT        Intra module refs:   zb_sniffer_leds_init
           ENTRY                   ADDRESS         REF BY
           =====                   =======         ======
           P0SEL                   000000F3 
    -------------------------------------------------------------------------
SFR_AN
  Relative segment, address: DATA 000000FD - 000000FD (0x1 bytes), align: 0
  Segment part 5. ROOT        Intra module refs:   zb_sniffer_leds_init
           ENTRY                   ADDRESS         REF BY
           =====                   =======         ======
           P0DIR                   000000FD 
    -------------------------------------------------------------------------
XDATA_Z
  Relative segment, address: XDATA 00001C6F - 00001C6F (0x1 bytes), align: 0
  Segment part 12.            Intra module refs:   zb_sniffer_leds_init
                                                   zb_sniffer_leds_iteration
           ENTRY                   ADDRESS         REF BY
           =====                   =======         ======
           is_not_sniffing         00001C6F 
    -------------------------------------------------------------------------
XDATA_Z
  Relative segment, address: XDATA 00001C70 - 00001C70 (0x1 bytes), align: 0
  Segment part 13.            Intra module refs:   zb_sniffer_leds_init
                                                   zb_sniffer_leds_iteration
           ENTRY                   ADDRESS         REF BY
           =====                   =======         ======
           is_in_fifo_overflow     00001C70 
    -------------------------------------------------------------------------
XDATA_Z
  Relative segment, address: XDATA 00001C71 - 00001C71 (0x1 bytes), align: 0
  Segment part 14.            Intra module refs:   zb_sniffer_leds_init
                                                   zb_sniffer_leds_iteration
           ENTRY                   ADDRESS         REF BY
           =====                   =======         ======
           is_in_buf_overflow      00001C71 
    -------------------------------------------------------------------------
XDATA_Z
  Relative segment, address: XDATA 00001C72 - 00001C72 (0x1 bytes), align: 0
  Segment part 15.            Intra module refs:   zb_sniffer_leds_init
                                                   zb_sniffer_leds_iteration
           ENTRY                   ADDRESS         REF BY
           =====                   =======         ======
           steps                   00001C72 
    -------------------------------------------------------------------------
XDATA_Z
  Relative segment, address: XDATA 00001C73 - 00001C74 (0x2 bytes), align: 0
  Segment part 16.            Intra module refs:   zb_sniffer_leds_init
                                                   zb_sniffer_leds_iteration
           ENTRY                   ADDRESS         REF BY
           =====                   =======         ======
           cycles                  00001C73 
    -------------------------------------------------------------------------
NEAR_CODE
  Relative segment, address: CODE 00001D8B - 00001DCB (0x41 bytes), align: 0
  Segment part 17.
           ENTRY                   ADDRESS         REF BY
           =====                   =======         ======
           zb_sniffer_leds_init    00001D8B        zb_sniffer_init (zb_sniffer)
               ISTACK = 00000000 ( 00000002 )
    -------------------------------------------------------------------------
NEAR_CODE
  Relative segment, address: CODE 00001DCC - 00001EDA (0x10f bytes), align: 0
  Segment part 18.
           ENTRY                   ADDRESS         REF BY
           =====                   =======         ======
           zb_sniffer_leds_iteration
                                   00001DCC        zb_sniffer_iteration (zb_sniffer)
               ISTACK = 00000000 ( 00000002 )

    *************************************************************************

  FILE NAME : C:\Users\marti\Thesis\ZBOSS_KILLERBEE\ZBOSS-KILLERBEE v2.0\zboss_firmware_src_\hw\debug\CC2531\Obj\zb_sniffer_radio.r51
  PROGRAM MODULE, NAME : zb_sniffer_radio

  SEGMENTS IN THE MODULE
  ======================
SFR_AN
  Relative segment, address: DATA 00000088 - 00000088 (0x1 bytes), align: 0
  Segment part 1. ROOT        Intra module refs:   zb_sniffer_rferr_interrupt_handler
           ENTRY                   ADDRESS         REF BY
           =====                   =======         ======
           _A_TCON                 00000088 
           LOCAL                   ADDRESS         
           =====                   =======         
           TCON                    00000088 
    -------------------------------------------------------------------------
SFR_AN
  Relative segment, address: DATA 00000091 - 00000091 (0x1 bytes), align: 0
  Segment part 3. ROOT        Intra module refs:   zb_rf_start_tx
                                                   zb_sniffer_rf_interrupt_handler
           ENTRY                   ADDRESS         REF BY
           =====                   =======         ======
           RFIRQF1                 00000091 
    -------------------------------------------------------------------------
SFR_AN
  Relative segment, address: DATA 0000009B - 0000009B (0x1 bytes), align: 0
  Segment part 5. ROOT        Intra module refs:   zb_sniffer_rf_interrupt_handler
           ENTRY                   ADDRESS         REF BY
           =====                   =======         ======
           S1CON                   0000009B 
    -------------------------------------------------------------------------
SFR_AN
  Relative segment, address: DATA 000000BF - 000000BF (0x1 bytes), align: 0
  Segment part 7. ROOT        Intra module refs:   zb_sniffer_rf_interrupt_handler
                                                   zb_sniffer_rferr_interrupt_handler
           ENTRY                   ADDRESS         REF BY
           =====                   =======         ======
           RFERRF                  000000BF 
    -------------------------------------------------------------------------
SFR_AN
  Relative segment, address: DATA 000000D9 - 000000D9 (0x1 bytes), align: 0
  Segment part 8. ROOT        Intra module refs:   zb_rf_start_tx
                                                   zb_sniffer_rf_interrupt_handler
           ENTRY                   ADDRESS         REF BY
           =====                   =======         ======
           RFD                     000000D9 
    -------------------------------------------------------------------------
SFR_AN
[...]
                                                   usbdpFindNext (usb_descriptor_parser)
                                                   usbfwReadFifo (usb_framework)
                                                   usbfwSetupHandler (usb_framework)
                                                   usbfwWriteFifo (usb_framework)
                                                   usbsrGetDescriptor (usb_standard_requests)
                                                   usbsrSetConfiguration (usb_standard_requests)
                                                   usbsrSetInterface (usb_standard_requests)
                                                   usbsuspEnter (usb_suspend)
                                                   zb_rf_start_tx (zb_sniffer_radio)
                                                   zb_sniffer_get_next_block_for_host (zb_sniffer_transport)
                                                   zb_sniffer_process_incoming_cmds (zb_sniffer)
                                                   zb_sniffer_rf_interrupt_handler (zb_sniffer_radio)

    -------------------------------------------------------------------------
  LIBRARY MODULE, NAME : ?XSTACK_DISP8

  SEGMENTS IN THE MODULE
  ======================
RCODE
  Relative segment, address: CODE 0000032B - 0000033E (0x14 bytes), align: 0
  Segment part 1.
           ENTRY                   ADDRESS         REF BY
           =====                   =======         ======
           ?XSTACK_DISP0_8         0000032B        usbOutProcess (usb_uart)
                                                   usbfwReadFifo (usb_framework)
                                                   usbfwWriteFifo (usb_framework)
           ?XSTACK_DISP1_8         00000335        memcpy (?memcpy)

    -------------------------------------------------------------------------
  LIBRARY MODULE, NAME : ?CALL_IND

  SEGMENTS IN THE MODULE
  ======================
RCODE
  Relative segment, address: CODE 0000033F - 00000340 (0x2 bytes), align: 0
  Segment part 0.
           ENTRY                   ADDRESS         REF BY
           =====                   =======         ======
           ?CALL_IND               0000033F        usbfwSetupHandler (usb_framework)
                                                   usbsuspEnter (usb_suspend)

    -------------------------------------------------------------------------
  LIBRARY MODULE, NAME : ?FUNC_ENTER_XDATA

  SEGMENTS IN THE MODULE
  ======================
RCODE
  Relative segment, address: CODE 00000341 - 000003A9 (0x69 bytes), align: 0
  Segment part 1.
           ENTRY                   ADDRESS         REF BY
           =====                   =======         ======
           ?FUNC_ENTER_XDATA       00000341        ChangeFeature (usb_standard_requests)
                                                   ConfigureEndpoints (usb_standard_requests)
                                                   execute_cmd (zb_sniffer)
                                                   memcpy (?memcpy)
                                                   populate_transport_rb_from_buffer (usb_uart)
                                                   usbChannelProcess (usb_uart)
                                                   usbOutProcess (usb_uart)
                                                   usbUartInit (usb_uart)
                                                   usbdpFindNext (usb_descriptor_parser)
                                                   usbdpGetConfigurationDesc (usb_descriptor_parser)
                                                   usbdpGetInterfaceDesc (usb_descriptor_parser)
                                                   usbdpGetStringDesc (usb_descriptor_parser)
                                                   usbfwInit (usb_framework)
                                                   usbfwReadFifo (usb_framework)
                                                   usbfwSetupHandler (usb_framework)
                                                   usbfwWriteFifo (usb_framework)
                                                   usbirqInit (usb_interrupt)
                                                   usbsrGetDescriptor (usb_standard_requests)
                                                   usbsrGetInterface (usb_standard_requests)
                                                   usbsrSetConfiguration (usb_standard_requests)
                                                   usbsrSetInterface (usb_standard_requests)
                                                   usbsuspEnter (usb_suspend)
                                                   zb_rf_start_tx (zb_sniffer_radio)
                                                   zb_sniffer_get_next_block_for_host (zb_sniffer_transport)
                                                   zb_sniffer_process_incoming_cmds (zb_sniffer)

    -------------------------------------------------------------------------
  LIBRARY MODULE, NAME : ?FUNC_LEAVE_XDATA

  SEGMENTS IN THE MODULE
  ======================
RCODE
  Relative segment, address: CODE 000003AA - 000003EF (0x46 bytes), align: 0
  Segment part 1.
           ENTRY                   ADDRESS         REF BY
           =====                   =======         ======
           ?FUNC_LEAVE_XDATA       000003AA        ChangeFeature (usb_standard_requests)
                                                   ConfigureEndpoints (usb_standard_requests)
                                                   execute_cmd (zb_sniffer)
                                                   memcpy (?memcpy)
                                                   populate_transport_rb_from_buffer (usb_uart)
                                                   usbChannelProcess (usb_uart)
                                                   usbOutProcess (usb_uart)
                                                   usbUartInit (usb_uart)
                                                   usbdpFindNext (usb_descriptor_parser)
                                                   usbdpGetConfigurationDesc (usb_descriptor_parser)
                                                   usbdpGetInterfaceDesc (usb_descriptor_parser)
                                                   usbdpGetStringDesc (usb_descriptor_parser)
                                                   usbfwInit (usb_framework)
                                                   usbfwReadFifo (usb_framework)
                                                   usbfwSetupHandler (usb_framework)
                                                   usbfwWriteFifo (usb_framework)
                                                   usbirqInit (usb_interrupt)
                                                   usbsrGetDescriptor (usb_standard_requests)
                                                   usbsrGetInterface (usb_standard_requests)
                                                   usbsrSetConfiguration (usb_standard_requests)
                                                   usbsrSetInterface (usb_standard_requests)
                                                   usbsuspEnter (usb_suspend)
                                                   zb_rf_start_tx (zb_sniffer_radio)
                                                   zb_sniffer_get_next_block_for_host (zb_sniffer_transport)
                                                   zb_sniffer_process_incoming_cmds (zb_sniffer)

    -------------------------------------------------------------------------
  LIBRARY MODULE, NAME : ?INTERRUPT_ENTER_XSP

  SEGMENTS IN THE MODULE
  ======================
RCODE
  Relative segment, address: CODE 000003F0 - 00000456 (0x67 bytes), align: 0
  Segment part 1.
           ENTRY                   ADDRESS         REF BY
           =====                   =======         ======
           ?INTERRUPT_ENTER_XSP    000003F0        usbirqHandler (usb_interrupt)
                                                   zb_sniffer_rf_interrupt_handler (zb_sniffer_radio)
                                                   zb_sniffer_timer_interrupt_handler (zb_sniffer_time)

    -------------------------------------------------------------------------
  LIBRARY MODULE, NAME : ?INTERRUPT_LEAVE_XSP

  SEGMENTS IN THE MODULE
  ======================
RCODE
  Relative segment, address: CODE 00000457 - 000004B9 (0x63 bytes), align: 0
  Segment part 1.
           ENTRY                   ADDRESS         REF BY
           =====                   =======         ======
           ?INTERRUPT_LEAVE_XSP    00000457        usbirqHandler (usb_interrupt)
                                                   zb_sniffer_rf_interrupt_handler (zb_sniffer_radio)
                                                   zb_sniffer_timer_interrupt_handler (zb_sniffer_time)

    -------------------------------------------------------------------------
  LIBRARY MODULE, NAME : ?XSTACK_SAVE_DPTR

  SEGMENTS IN THE MODULE
  ======================
RCODE
  Relative segment, address: CODE 000004BA - 000004C1 (0x8 bytes), align: 0
  Segment part 0.
           ENTRY                   ADDRESS         REF BY
           =====                   =======         ======
           ?XSTACK_SAVE_DPTRS_1    000004BA        ConfigureEndpoints (usb_standard_requests)
                                                   execute_cmd (zb_sniffer)
                                                   memcpy (?memcpy)
                                                   populate_transport_rb_from_buffer (usb_uart)
                                                   usbChannelProcess (usb_uart)
                                                   usbdpFindNext (usb_descriptor_parser)
                                                   usbfwReadFifo (usb_framework)
                                                   usbfwSetupHandler (usb_framework)
                                                   usbfwWriteFifo (usb_framework)
                                                   usbsrGetDescriptor (usb_standard_requests)
                                                   usbsrSetConfiguration (usb_standard_requests)
                                                   usbsrSetInterface (usb_standard_requests)
                                                   usbsuspEnter (usb_suspend)
                                                   zb_rf_start_tx (zb_sniffer_radio)
                                                   zb_sniffer_get_next_block_for_host (zb_sniffer_transport)
                                                   zb_sniffer_process_incoming_cmds (zb_sniffer)
                                                   zb_sniffer_rf_interrupt_handler (zb_sniffer_radio)

    -------------------------------------------------------------------------
  LIBRARY MODULE, NAME : ?XSTACK_RESTORE_DPTR

  SEGMENTS IN THE MODULE
  ======================
RCODE
  Relative segment, address: CODE 000004C2 - 000004C9 (0x8 bytes), align: 0
  Segment part 0.
           ENTRY                   ADDRESS         REF BY
           =====                   =======         ======
           ?XSTACK_RESTORE_DPTRS_1
                                   000004C2        ConfigureEndpoints (usb_standard_requests)
                                                   execute_cmd (zb_sniffer)
                                                   memcpy (?memcpy)
                                                   populate_transport_rb_from_buffer (usb_uart)
                                                   usbChannelProcess (usb_uart)
                                                   usbdpFindNext (usb_descriptor_parser)
                                                   usbfwReadFifo (usb_framework)
                                                   usbfwSetupHandler (usb_framework)
                                                   usbfwWriteFifo (usb_framework)
                                                   usbsrGetDescriptor (usb_standard_requests)
                                                   usbsrSetConfiguration (usb_standard_requests)
                                                   usbsrSetInterface (usb_standard_requests)
                                                   usbsuspEnter (usb_suspend)
                                                   zb_rf_start_tx (zb_sniffer_radio)
                                                   zb_sniffer_get_next_block_for_host (zb_sniffer_transport)
                                                   zb_sniffer_process_incoming_cmds (zb_sniffer)
                                                   zb_sniffer_rf_interrupt_handler (zb_sniffer_radio)

    -------------------------------------------------------------------------
  LIBRARY MODULE, NAME : ?PUSH_XSTACK_I

  SEGMENTS IN THE MODULE
  ======================
RCODE
  Relative segment, address: CODE 000004CA - 000004CD (0x4 bytes), align: 0
  Segment part 1.
           ENTRY                   ADDRESS         REF BY
           =====                   =======         ======
           ?PUSH_XSTACK_I_THREE    000004CA        usbChannelProcess (usb_uart)
                                                   usbOutProcess (usb_uart)
                                                   usbfwSetupHandler (usb_framework)
    -------------------------------------------------------------------------
RCODE
  Relative segment, address: CODE 000004CE - 000004D1 (0x4 bytes), align: 0
  Segment part 2.
           ENTRY                   ADDRESS         REF BY
           =====                   =======         ======
           ?PUSH_XSTACK_I_TWO      000004CE        usbOutProcess (usb_uart)
    -------------------------------------------------------------------------
RCODE
  Relative segment, address: CODE 000004D2 - 000004DE (0xd bytes), align: 0
  Segment part 4.             Intra module refs:   ?PUSH_XSTACK_I_THREE
                                                   ?PUSH_XSTACK_I_TWO
           ENTRY                   ADDRESS         REF BY
           =====                   =======         ======
           ?PUSH_XSTACK_I          000004D2 

    -------------------------------------------------------------------------
  LIBRARY MODULE, NAME : ?PUSH_XSTACK8_X_2DPTR

  SEGMENTS IN THE MODULE
  ======================
RCODE
  Relative segment, address: CODE 000004DF - 000004E2 (0x4 bytes), align: 0
  Segment part 2.
           ENTRY                   ADDRESS         REF BY
           =====                   =======         ======
           ?PUSH_XSTACK8_X_THREE_2DPTR
                                   000004DF        usbfwSetupHandler (usb_framework)
    -------------------------------------------------------------------------
RCODE
  Relative segment, address: CODE 000004E3 - 000004EF (0xd bytes), align: 0
  Segment part 5.             Intra module refs:   ?PUSH_XSTACK8_X_THREE_2DPTR
           ENTRY                   ADDRESS         REF BY
           =====                   =======         ======
           ?PUSH_XSTACK8_X_2DPTR   000004E3 

    -------------------------------------------------------------------------
  LIBRARY MODULE, NAME : ?memcpy

  SEGMENTS IN THE MODULE
  ======================
NEAR_CODE
  Relative segment, address: CODE 000024A0 - 000024FB (0x5c bytes), align: 0
  Segment part 6.
           ENTRY                   ADDRESS         REF BY
           =====                   =======         ======
           memcpy                  000024A0        usbOutProcess (usb_uart)
               XSTACK = 00000002 ( 0000000A )
               ISTACK = 00000000 ( 00000001 )




                ****************************************
                *                                      *
                *      SEGMENTS IN ADDRESS ORDER       *
                *                                      *
                ****************************************


SEGMENT              SPACE    START ADDRESS   END ADDRESS     SIZE  TYPE  ALIGN
=======              =====    =============   ===========     ====  ====  =====
INTVEC               CODE          00000000 - 00000085          86   com    0
CSTART               CODE          00000086 - 000000E6          61   rel    0
DATA_ID              CODE               000000E7                     dse    0
BDATA_ID             CODE               000000E7                     dse    0
BIT_ID               CODE               000000E7                     dse    0
IDATA_ID             CODE               000000E7                     dse    0
PDATA_ID             CODE               000000E7                     dse    0
IXDATA_ID            CODE               000000E7                     dse    0
XDATA_ID             CODE          000000E7 - 000000FC          16   rel    0
RCODE                CODE          000000FD - 000004EF         3F3   rel    0
DIFUNCT              CODE               000004F0                     dse    0
CODE_C               CODE               000004F0                     dse    0
CODE_N               CODE               000004F0                     dse    0
NEAR_CODE            CODE          000004F0 - 000024FB        200C   rel    2
REGISTERS            DATA          00000000 - 00000007           8   rel    0
VREG                 DATA          00000008 - 0000000F           8   rel    0
PSP                  DATA               00000010                     dse    0
XSP                  DATA          00000010 - 00000011           2   rel    0
DATA_I               DATA               00000012                     dse    0
DATA_Z               DATA          00000012 - 00000018           7   rel    0
BREG                 BIT        00000020.0  -  00000020.7        8   rel    0
SFR_AN               DATA          00000080 - 00000080           1   rel    0
                     DATA          00000088 - 00000088           1 
                     DATA          0000008B - 0000008B           1 
                     DATA          00000090 - 00000091           2 
                     DATA          0000009A - 0000009B           2 
                     DATA          0000009D - 0000009E           2 
                     DATA          000000A8 - 000000A8           1 
                     DATA          000000AC - 000000AC           1 
                     DATA          000000AF - 000000AF           1 
                     DATA          000000B8 - 000000B8           1 
                     DATA          000000BE - 000000BF           2 
                     DATA          000000C6 - 000000C6           1 
                     DATA          000000D9 - 000000DB           3 
                     DATA          000000E1 - 000000E5           5 
                     DATA          000000E8 - 000000E9           2 
                     DATA          000000F3 - 000000F4           2 
                     DATA          000000FD - 000000FE           2 
XSTACK               XDATA         00000001 - 00000EFF         EFF   rel    0
XDATA_Z              XDATA         00000F00 - 00001C7F         D80   rel    0
XDATA_I              XDATA         00001C80 - 00001C95          16   rel    0
ISTACK               IDATA         000000C0 - 000000FF          40   rel    0

                ****************************************
                *                                      *
                *        END OF CROSS REFERENCE        *
                *                                      *
                ****************************************

 9 468 bytes of CODE  memory
    25 bytes of DATA  memory (+ 30 absolute )
 7 317 bytes of XDATA memory
    64 bytes of IDATA memory
     8 bits  of BIT   memory

Errors: none
Warnings: none

