Error[e46]: Undefined external "transport_rb" referred in zb_sniffer_radio ( C:\Users\marti\Thesis\ZBOSS-KILLERBEEv2.0\zboss_firmware_src_\hw\debug\SmartRf05Eb\Obj\zb_sniffer_radio.r51 )
Error[e46]: Undefined external "cmd_rb" referred in zb_sniffer_rs232 ( C:\Users\marti\Thesis\ZBOSS-KILLERBEEv2.0\zboss_firmware_src_\hw\debug\SmartRf05Eb\Obj\zb_sniffer_rs232.r51 )
Error[e46]: Undefined external "main" referred in ?cmain ( C:\Program Files (x86)\IAR Systems\Embedded Workbench 8.1\8051\LIB\CLIB\cl-pli-blxd-1e16x01.r51 )
################################################################################
#                                                                              #
#      IAR Universal Linker V6.5.4.100                                         #
#                                                                              #
#           Link time     =  26/Jul/2020  17:38:08                             #
#           Target CPU    =  x51                                               #
#           List file     =  C:\Users\marti\Thesis\ZBOSS-KILLERBEEv2.0\zboss_f #
#                            irmware_src_\hw\debug\SmartRf05Eb\List\zboss_snif #
#                            fer.map                                           #
#           Output file 1 =  C:\Users\marti\Thesis\ZBOSS-KILLERBEEv2.0\zboss_f #
#                            irmware_src_\hw\debug\SmartRf05Eb\Exe\zboss_sniff #
#                            er.a51                                            #
#                            Format: intel-extended                            #
#           Command line  =  -f C:\Users\marti\AppData\Local\Temp\EW18DC.tmp   #
#                            (C:\Users\marti\Thesis\ZBOSS-KILLERBEEv2.0\zboss_ #
#                            firmware_src_\hw\debug\SmartRf05Eb\Obj\zb_sniffer #
#                            _leds.r51                                         #
#                            C:\Users\marti\Thesis\ZBOSS-KILLERBEEv2.0\zboss_f #
#                            irmware_src_\hw\debug\SmartRf05Eb\Obj\zb_sniffer_ #
#                            radio.r51                                         #
#                            C:\Users\marti\Thesis\ZBOSS-KILLERBEEv2.0\zboss_f #
#                            irmware_src_\hw\debug\SmartRf05Eb\Obj\zb_sniffer_ #
#                            rs232.r51                                         #
#                            C:\Users\marti\Thesis\ZBOSS-KILLERBEEv2.0\zboss_f #
#                            irmware_src_\hw\debug\SmartRf05Eb\Obj\zb_sniffer_ #
#                            time.r51                                          #
#                            C:\Users\marti\Thesis\ZBOSS-KILLERBEEv2.0\zboss_f #
#                            irmware_src_\hw\debug\SmartRf05Eb\Obj\zb_sniffer_ #
#                            transport.r51                                     #
#                            -o                                                #
#                            C:\Users\marti\Thesis\ZBOSS-KILLERBEEv2.0\zboss_f #
#                            irmware_src_\hw\debug\SmartRf05Eb\Exe\zboss_sniff #
#                            er.a51                                            #
#                            -Fintel-extended -l                               #
#                            C:\Users\marti\Thesis\ZBOSS-KILLERBEEv2.0\zboss_f #
#                            irmware_src_\hw\debug\SmartRf05Eb\List\zboss_snif #
#                            fer.map                                           #
#                            -xms                                              #
#                            "-IC:\Program Files (x86)\IAR Systems\Embedded Wo #
#                            rkbench 8.1\8051\LIB\"                            #
#                            -f                                                #
#                            "C:\Program Files (x86)\IAR Systems\Embedded Work #
#                            bench 8.1\8051\config\devices\Texas Instruments\l #
#                            nk51ew_cc2530F256_banked.xcl"                     #
#                            (-D_IDATA0_START=0x00 -D_IDATA0_END=0xFF          #
#                            -D_PDATA0_START=0x1E00 -D_PDATA0_END=0x1EFF       #
#                            -D_IXDATA0_START=0x0001 -D_IXDATA0_END=0x1EFF     #
#                            -D_XDATA0_START=_IXDATA0_START                    #
#                            -D_XDATA0_END=_IXDATA0_END                        #
#                            -D_NEAR_CODE_START=0x0000                         #
#                            -D_FIRST_BANK_ADDR=0x10000 -D?REGISTER_BANK=0x0   #
#                            -D_REGISTER_BANK_START=0x0 -D_BREG_START=0x00     #
#                            -D?VB=0x20 -Z(BIT)BREG=_BREG_START                #
#                            -Z(BIT)BIT_N=0-7F                                 #
#                            -Z(DATA)REGISTERS+8=_REGISTER_BANK_START          #
#                            -Z(DATA)BDATA_Z,BDATA_N,BDATA_I=20-2F             #
#                            -Z(DATA)VREG=08-7F -Z(DATA)PSP,XSP=08-7F          #
#                            -Z(DATA)DOVERLAY=08-7F                            #
#                            -Z(DATA)DATA_I,DATA_Z,DATA_N=08-7F                #
#                            -U(IDATA)0-7F=(DATA)0-7F                          #
#                            -Z(IDATA)IDATA_I,IDATA_Z,IDATA_N=08-_IDATA0_END   #
#                            -Z(IDATA)ISTACK+_IDATA_STACK_SIZE#08-_IDATA0_END  #
#                            -Z(IDATA)IOVERLAY=08-FF -Z(CODE)INTVEC=0          #
#                            -Z(CODE)CSTART=_NEAR_CODE_START-(_CODEBANK_START- #
#                            1)                                                #
#                            -Z(CODE)BIT_ID,BDATA_ID,DATA_ID,IDATA_ID,IXDATA_I #
#                            D,PDATA_ID,XDATA_ID=_NEAR_CODE_START-(_CODEBANK_S #
#                            TART-1)                                           #
#                            -Z(CODE)BANK_RELAYS,RCODE,DIFUNCT,CODE_C,CODE_N,N #
#                            EAR_CODE=_NEAR_CODE_START-(_CODEBANK_START-1)     #
#                            -P(CODE)BANKED_CODE=_NEAR_CODE_START-(_CODEBANK_S #
#                            TART-1),[(_CODEBANK_START+_FIRST_BANK_ADDR)-(_COD #
#                            EBANK_END+_FIRST_BANK_ADDR)]*_NR_OF_BANKS+10000   #
#                            -Z(CODE)CHECKSUM#(_CODEBANK_START-1)              #
#                            -Z(XDATA)PDATA_Z,PDATA_I=_PDATA0_START-_PDATA0_EN #
#                            D                                                 #
#                            -P(XDATA)PDATA_N=_PDATA0_START-_PDATA0_END        #
#                            -Z(XDATA)PSTACK+_PDATA_STACK_SIZE=_PDATA0_START-_ #
#                            PDATA0_END                                        #
#                            -Z(XDATA)EXT_STACK+_EXTENDED_STACK_SIZE=_EXTENDED #
#                            _STACK_START                                      #
#                            -Z(XDATA)XSTACK+_XDATA_STACK_SIZE=_XDATA0_START-_ #
#                            XDATA0_END                                        #
#                            -Z(XDATA)IXDATA_Z,IXDATA_I=_IXDATA0_START-_IXDATA #
#                            0_END                                             #
#                            -P(XDATA)IXDATA_N=_IXDATA0_START-_IXDATA0_END     #
#                            -Z(XDATA)XDATA_Z,XDATA_I=_XDATA0_START-_XDATA0_EN #
#                            D                                                 #
#                            -P(XDATA)XDATA_N=_XDATA0_START-_XDATA0_END        #
#                            -Z(XDATA)XDATA_HEAP+_XDATA_HEAP_SIZE=_XDATA0_STAR #
#                            T-_XDATA0_END                                     #
#                            -Z(CONST)XDATA_ROM_C=_XDATA0_START-_XDATA0_END    #
#                            -cx51                                             #
#                            -M(CODE)[(_CODEBANK_START+_FIRST_BANK_ADDR)-(_COD #
#                            EBANK_END+_FIRST_BANK_ADDR)]*_NR_OF_BANKS+0x10000 #
#                            =0x8000                                           #
#                            -ww69=i -D_BANK0_START=0x00000                    #
#                            -D_BANK0_END=0x07FFF -D_BANK1_START=0x18000       #
#                            -D_BANK1_END=0x1FFFF -D_BANK2_START=0x28000       #
#                            -D_BANK2_END=0x2FFFF -D_BANK3_START=0x38000       #
#                            -D_BANK3_END=0x3FFFF -D_BANK4_START=0x48000       #
#                            -D_BANK4_END=0x4FFFF -D_BANK5_START=0x58000       #
#                            -D_BANK5_END=0x5FFFF -D_BANK6_START=0x68000       #
#                            -D_BANK6_END=0x6FFFF -D_BANK7_START=0x78000       #
#                            -D_BANK7_END=0x7FFFF                              #
#                            -P(CODE)BANK0=_BANK0_START-_BANK0_END             #
#                            -P(CODE)BANK1=_BANK1_START-_BANK1_END             #
#                            -P(CODE)BANK2=_BANK2_START-_BANK2_END             #
#                            -P(CODE)BANK3=_BANK3_START-_BANK3_END             #
#                            -P(CODE)BANK4=_BANK4_START-_BANK4_END             #
#                            -P(CODE)BANK5=_BANK5_START-_BANK5_END             #
#                            -P(CODE)BANK6=_BANK6_START-_BANK6_END             #
#                            -P(CODE)BANK7=_BANK7_START-_BANK7_END             #
#                            -D_FLASH_LOCK_BITS_START=0x7FFF0                  #
#                            -D_FLASH_LOCK_BITS_END=0x7FFFF                    #
#                            -Z(CODE)FLASH_LOCK_BITS=_FLASH_LOCK_BITS_START-_F #
#                            LASH_LOCK_BITS_END                                #
#                            -U(CODE)0x0000=(CODE)_FLASH_LOCK_BITS_START-_FLAS #
#                            H_LOCK_BITS_END)                                  #
#                            -D_NR_OF_VIRTUAL_REGISTERS=8 -D?PBANK=0x93        #
#                            -D?CBANK=0x9F -D?CBANK_MASK=0xFF                  #
#                            -e?BCALL_FF=?BCALL -e?BRET_FF=?BRET               #
#                            -e?BDISPATCH_FF=?BDISPATCH                        #
#                            -D_CODEBANK_START=0x8000 -D_CODEBANK_END=0xFFFF   #
#                            -D_NR_OF_BANKS=0x07                               #
#                            "-IC:\Program Files (x86)\IAR Systems\Embedded Wo #
#                            rkbench 8.1\8051\CONFIG\"                         #
#                            -e_large_write=_formatted_write                   #
#                            -e_large_read=_formatted_read -s                  #
#                            __program_start                                   #
#                            "C:\Program Files (x86)\IAR Systems\Embedded Work #
#                            bench 8.1\8051\LIB\CLIB\cl-pli-blxd-1e16x01.r51"  #
#                            -D_IDATA_STACK_SIZE=0x40 -D?ESP=0 -D?ESP_MASK=0   #
#                            -D_EXTENDED_STACK_START=0                         #
#                            -D_EXTENDED_STACK_SIZE=0                          #
#                            -D_PDATA_STACK_SIZE=0x80                          #
#                            -D_XDATA_STACK_SIZE=0xEFF                         #
#                            -D_XDATA_HEAP_SIZE=0xFF -D_FAR_HEAP_SIZE=0xFFF    #
#                            -D_HUGE_HEAP_SIZE=0xFFF                           #
#                            -D_FAR22_HEAP_SIZE=0xFFF)                         #
#                                                                              #
#                           Copyright (C) 1987-2018 IAR Systems AB.            #
################################################################################





                ****************************************
                *                                      *
                *           CROSS REFERENCE            *
                *                                      *
                ****************************************

       Program entry at : CODE      000000D7  Relocatable, from module : CSTARTUP




                ****************************************
                *                                      *
                *            RUNTIME MODEL             *
                *                                      *
                ****************************************

  __SystemLibrary          = CLib
  __calling_convention     = xdata_reentrant
  __code_model             = banked
  __core                   = plain
  __data_model             = large
  __dptr_size              = 16
  __extended_stack         = disabled
  __location_for_constants = data
  __number_of_dptrs        = 1
  __register_banks         = *
  __rt_version             = 1

                ****************************************
                *                                      *
                *    AUTOMATIC SYMBOL REDIRECTIONS     *
                *                                      *
                ****************************************

                  There are no automatic symbol redirections.



                ****************************************
                *                                      *
                *              MODULE MAP              *
                *                                      *
                ****************************************


  DEFINED ABSOLUTE ENTRIES
    *************************************************************************

  DEFINED ABSOLUTE ENTRIES
  PROGRAM MODULE, NAME : ?ABS_ENTRY_MOD

Absolute parts
           ENTRY                   ADDRESS         REF BY
           =====                   =======         ======
           _FAR22_HEAP_SIZE        00000FFF 
           _HUGE_HEAP_SIZE         00000FFF 
           _FAR_HEAP_SIZE          00000FFF 
           _XDATA_HEAP_SIZE        000000FF 
           _XDATA_STACK_SIZE       00000EFF 
           _PDATA_STACK_SIZE       00000080 
           _EXTENDED_STACK_SIZE    00000000 
           _EXTENDED_STACK_START   00000000 
           ?ESP_MASK               00000000 
           ?ESP                    00000000 
           _IDATA_STACK_SIZE       00000040 
           _NR_OF_BANKS            00000007 
           _CODEBANK_END           0000FFFF 
           _CODEBANK_START         00008000 
           ?CBANK_MASK             000000FF 
           ?CBANK                  0000009F        ?RESET_CODE_BANK (CSTARTUP)
                                                   Segment part 0 (?BANKED_CODE_SUPPORT)
           ?PBANK                  00000093 
           _NR_OF_VIRTUAL_REGISTERS
                                   00000008 
           _FLASH_LOCK_BITS_END    0003FFFF 
           _FLASH_LOCK_BITS_START
                                   0003FFF0 
           _BANK7_END              0003FFFF 
           _BANK7_START            00038000 
           _BANK6_END              00037FFF 
           _BANK6_START            00030000 
           _BANK5_END              0002FFFF 
           _BANK5_START            00028000 
           _BANK4_END              00027FFF 
           _BANK4_START            00020000 
           _BANK3_END              0001FFFF 
           _BANK3_START            00018000 
           _BANK2_END              00017FFF 
           _BANK2_START            00010000 
           _BANK1_END              0000FFFF 
           _BANK1_START            00008000 
           _BANK0_END              00007FFF 
           _BANK0_START            00000000 
           ?VB                     00000020        ?BANKED_ENTER_XDATA (?BANKED_ENTER_XDATA)
                                                   ?BANKED_LEAVE_XDATA (?BANKED_LEAVE_XDATA)
                                                   ?INTERRUPT_ENTER_XSP (?INTERRUPT_ENTER_XSP)
                                                   ?INTERRUPT_LEAVE_XSP (?INTERRUPT_LEAVE_XSP)
           _BREG_START             00000000 
           _REGISTER_BANK_START    00000000 
           ?REGISTER_BANK          00000000        Segment part 6 (CSTARTUP)
           _FIRST_BANK_ADDR        00010000 
           _NEAR_CODE_START        00000000 
           _XDATA0_END             00001EFF 
           _XDATA0_START           00000001 
           _IXDATA0_END            00001EFF 
           _IXDATA0_START          00000001 
           _PDATA0_END             00001EFF 
           _PDATA0_START           00001E00 
           _IDATA0_END             000000FF 
           _IDATA0_START           00000000 
    *************************************************************************

  FILE NAME : C:\Users\marti\Thesis\ZBOSS-KILLERBEEv2.0\zboss_firmware_src_\hw\debug\SmartRf05Eb\Obj\zb_sniffer_leds.r51
  PROGRAM MODULE, NAME : zb_sniffer_leds

  SEGMENTS IN THE MODULE
  ======================
SFR_AN
  Relative segment, address: DATA 00000080 - 00000080 (0x1 bytes), align: 0
  Segment part 1. ROOT 
           ENTRY                   ADDRESS         REF BY
           =====                   =======         ======
           _A_P0                   00000080 
           LOCAL                   ADDRESS         
           =====                   =======         
           P0                      00000080 
    -------------------------------------------------------------------------
SFR_AN
  Relative segment, address: DATA 00000090 - 00000090 (0x1 bytes), align: 0
  Segment part 2. ROOT        Intra module refs:   zb_sniffer_rf_interrupt_handler (zb_sniffer_radio)
           ENTRY                   ADDRESS         REF BY
           =====                   =======         ======
           _A_P1                   00000090 
           LOCAL                   ADDRESS         
           =====                   =======         
           P1                      00000090 
    -------------------------------------------------------------------------
SFR_AN
  Relative segment, address: DATA 000000F4 - 000000F4 (0x1 bytes), align: 0
  Segment part 3. ROOT 
           ENTRY                   ADDRESS         REF BY
           =====                   =======         ======
           P1SEL                   000000F4 
    -------------------------------------------------------------------------
SFR_AN
  Relative segment, address: DATA 000000FE - 000000FE (0x1 bytes), align: 0
  Segment part 4. ROOT 
           ENTRY                   ADDRESS         REF BY
           =====                   =======         ======
           P1DIR                   000000FE 

    *************************************************************************

  FILE NAME : C:\Users\marti\Thesis\ZBOSS-KILLERBEEv2.0\zboss_firmware_src_\hw\debug\SmartRf05Eb\Obj\zb_sniffer_radio.r51
  PROGRAM MODULE, NAME : zb_sniffer_radio

  SEGMENTS IN THE MODULE
  ======================
SFR_AN
  Relative segment, address: DATA 00000088 - 00000088 (0x1 bytes), align: 0
  Segment part 1. ROOT        Intra module refs:   zb_sniffer_rferr_interrupt_handler
           ENTRY                   ADDRESS         REF BY
           =====                   =======         ======
           _A_TCON                 00000088 
           LOCAL                   ADDRESS         
           =====                   =======         
           TCON                    00000088 
    -------------------------------------------------------------------------
SFR_AN
  Relative segment, address: DATA 00000091 - 00000091 (0x1 bytes), align: 0
  Segment part 3. ROOT        Intra module refs:   zb_sniffer_rf_interrupt_handler
           ENTRY                   ADDRESS         REF BY
           =====                   =======         ======
           RFIRQF1                 00000091 
    -------------------------------------------------------------------------
SFR_AN
  Relative segment, address: DATA 0000009A - 0000009A (0x1 bytes), align: 0
  Segment part 4. ROOT        Intra module refs:   zb_sniffer_rs232_tx_interrupt_handler (zb_sniffer_rs232)
           ENTRY                   ADDRESS         REF BY
           =====                   =======         ======
           IEN2                    0000009A 
    -------------------------------------------------------------------------
SFR_AN
  Relative segment, address: DATA 0000009B - 0000009B (0x1 bytes), align: 0
  Segment part 5. ROOT        Intra module refs:   zb_sniffer_rf_interrupt_handler
           ENTRY                   ADDRESS         REF BY
           =====                   =======         ======
           S1CON                   0000009B 
    -------------------------------------------------------------------------
SFR_AN
  Relative segment, address: DATA 000000A8 - 000000A8 (0x1 bytes), align: 0
  Segment part 6. ROOT        Intra module refs:   zb_sniffer_rf_interrupt_handler
                                                   zb_sniffer_rs232_rx_interrupt_handler (zb_sniffer_rs232)
                                                   zb_sniffer_rs232_tx_interrupt_handler (zb_sniffer_rs232)
           ENTRY                   ADDRESS         REF BY
           =====                   =======         ======
           _A_IEN0                 000000A8 
           LOCAL                   ADDRESS         
           =====                   =======         
           IEN0                    000000A8 
    -------------------------------------------------------------------------
SFR_AN
  Relative segment, address: DATA 000000BF - 000000BF (0x1 bytes), align: 0
  Segment part 7. ROOT        Intra module refs:   zb_sniffer_rf_interrupt_handler
                                                   zb_sniffer_rferr_interrupt_handler
           ENTRY                   ADDRESS         REF BY
           =====                   =======         ======
           RFERRF                  000000BF 
    -------------------------------------------------------------------------
SFR_AN
  Relative segment, address: DATA 000000D9 - 000000D9 (0x1 bytes), align: 0
  Segment part 8. ROOT        Intra module refs:   zb_sniffer_rf_interrupt_handler
           ENTRY                   ADDRESS         REF BY
           =====                   =======         ======
           RFD                     000000D9 
    -------------------------------------------------------------------------
SFR_AN
  Relative segment, address: DATA 000000E1 - 000000E1 (0x1 bytes), align: 0
  Segment part 9. ROOT        Intra module refs:   zb_sniffer_rf_interrupt_handler
                                                   zb_sniffer_rferr_interrupt_handler
           ENTRY                   ADDRESS         REF BY
           =====                   =======         ======
           RFST                    000000E1 
    -------------------------------------------------------------------------
SFR_AN
  Relative segment, address: DATA 000000E2 - 000000E2 (0x1 bytes), align: 0
  Segment part 10. ROOT       Intra module refs:   zb_sniffer_rf_interrupt_handler
           ENTRY                   ADDRESS         REF BY
           =====                   =======         ======
           T1CNTL                  000000E2 
    -------------------------------------------------------------------------
SFR_AN
  Relative segment, address: DATA 000000E3 - 000000E3 (0x1 bytes), align: 0
  Segment part 11. ROOT       Intra module refs:   zb_sniffer_rf_interrupt_handler
           ENTRY                   ADDRESS         REF BY
           =====                   =======         ======
           T1CNTH                  000000E3 
    -------------------------------------------------------------------------
SFR_AN
  Relative segment, address: DATA 000000E9 - 000000E9 (0x1 bytes), align: 0
  Segment part 12. ROOT       Intra module refs:   zb_sniffer_rf_interrupt_handler
           ENTRY                   ADDRESS         REF BY
           =====                   =======         ======
           RFIRQF0                 000000E9 
    -------------------------------------------------------------------------
XDATA_Z
  Relative segment, address: XDATA 00000F00 - 00000F00 (0x1 bytes), align: 0
  Segment part 21.            Intra module refs:   zb_sniffer_rferr_interrupt_handler
           ENTRY                   ADDRESS         REF BY
           =====                   =======         ======
           fifo_overflow           00000F00 
    -------------------------------------------------------------------------
NEAR_CODE
  Relative segment, address: CODE 00000340 - 0000045B (0x11c bytes), align: 0
  Segment part 36.            Intra module refs:   zb_sniffer_rf_interrupt_handler::??INTVEC 131
           ENTRY                   ADDRESS         REF BY
           =====                   =======         ======
           zb_sniffer_rf_interrupt_handler
                                   00000340 
               interrupt function
               XSTACK = 00000000 ( 0000000F )
               ISTACK = 00000000 ( 00000001 )
    -------------------------------------------------------------------------
NEAR_CODE
  Relative segment, address: CODE 0000045C - 0000047D (0x22 bytes), align: 0
  Segment part 37.            Intra module refs:   zb_sniffer_rferr_interrupt_handler::??INTVEC 3
           ENTRY                   ADDRESS         REF BY
           =====                   =======         ======
           zb_sniffer_rferr_interrupt_handler
                                   0000045C 
               interrupt function
               ISTACK = 00000000 ( 00000004 )
    -------------------------------------------------------------------------
INTVEC
  Common segment, address: CODE 00000000 - 00000005 (0x6 bytes), align: 0
  Segment part 13. ROOT 
           ENTRY                   ADDRESS         REF BY
           =====                   =======         ======
           zb_sniffer_rferr_interrupt_handler::??INTVEC 3
                                   00000003 
    -------------------------------------------------------------------------
INTVEC
  Common segment, address: CODE 00000000 - 00000085 (0x86 bytes), align: 0
  Segment part 14. ROOT 
           ENTRY                   ADDRESS         REF BY
           =====                   =======         ======
           zb_sniffer_rf_interrupt_handler::??INTVEC 131
                                   00000083 

    *************************************************************************

  FILE NAME : C:\Users\marti\Thesis\ZBOSS-KILLERBEEv2.0\zboss_firmware_src_\hw\debug\SmartRf05Eb\Obj\zb_sniffer_rs232.r51
  PROGRAM MODULE, NAME : zb_sniffer_rs232

  SEGMENTS IN THE MODULE
  ======================
SFR_AN
  Relative segment, address: DATA 00000086 - 00000086 (0x1 bytes), align: 0
  Segment part 1. ROOT 
           ENTRY                   ADDRESS         REF BY
           =====                   =======         ======
           U0CSR                   00000086 
    -------------------------------------------------------------------------
SFR_AN
  Relative segment, address: DATA 000000C1 - 000000C1 (0x1 bytes), align: 0
  Segment part 4. ROOT        Intra module refs:   zb_sniffer_rs232_rx_interrupt_handler
                                                   zb_sniffer_rs232_tx_interrupt_handler
           ENTRY                   ADDRESS         REF BY
           =====                   =======         ======
           U0DBUF                  000000C1 
    -------------------------------------------------------------------------
SFR_AN
  Relative segment, address: DATA 000000C2 - 000000C2 (0x1 bytes), align: 0
  Segment part 5. ROOT 
           ENTRY                   ADDRESS         REF BY
           =====                   =======         ======
           U0BAUD                  000000C2 
    -------------------------------------------------------------------------
SFR_AN
  Relative segment, address: DATA 000000C4 - 000000C4 (0x1 bytes), align: 0
  Segment part 6. ROOT 
           ENTRY                   ADDRESS         REF BY
           =====                   =======         ======
           U0UCR                   000000C4 
    -------------------------------------------------------------------------
SFR_AN
  Relative segment, address: DATA 000000C5 - 000000C5 (0x1 bytes), align: 0
  Segment part 7. ROOT 
           ENTRY                   ADDRESS         REF BY
           =====                   =======         ======
           U0GCR                   000000C5 
    -------------------------------------------------------------------------
SFR_AN
  Relative segment, address: DATA 000000E8 - 000000E8 (0x1 bytes), align: 0
  Segment part 8. ROOT        Intra module refs:   zb_sniffer_rs232_tx_interrupt_handler
           ENTRY                   ADDRESS         REF BY
           =====                   =======         ======
           _A_IRCON2               000000E8 
           LOCAL                   ADDRESS         
           =====                   =======         
           IRCON2                  000000E8 
    -------------------------------------------------------------------------
SFR_AN
  Relative segment, address: DATA 000000F1 - 000000F1 (0x1 bytes), align: 0
  Segment part 9. ROOT 
           ENTRY                   ADDRESS         REF BY
           =====                   =======         ======
           PERCFG                  000000F1 
    -------------------------------------------------------------------------
SFR_AN
  Relative segment, address: DATA 000000F2 - 000000F2 (0x1 bytes), align: 0
  Segment part 10. ROOT 
           ENTRY                   ADDRESS         REF BY
           =====                   =======         ======
           ADCCFG                  000000F2 
    -------------------------------------------------------------------------
SFR_AN
  Relative segment, address: DATA 000000F3 - 000000F3 (0x1 bytes), align: 0
  Segment part 11. ROOT 
           ENTRY                   ADDRESS         REF BY
           =====                   =======         ======
           P0SEL                   000000F3 
    -------------------------------------------------------------------------
SFR_AN
  Relative segment, address: DATA 000000FF - 000000FF (0x1 bytes), align: 0
  Segment part 12. ROOT 
           ENTRY                   ADDRESS         REF BY
           =====                   =======         ======
           P2DIR                   000000FF 
    -------------------------------------------------------------------------
XDATA_Z
  Relative segment, address: XDATA 00000F01 - 00000F01 (0x1 bytes), align: 0
  Segment part 20.            Intra module refs:   zb_sniffer_rs232_tx_interrupt_handler
           ENTRY                   ADDRESS         REF BY
           =====                   =======         ======
           tx_in_progress          00000F01 
    -------------------------------------------------------------------------
NEAR_CODE
  Relative segment, address: CODE 0000047E - 000004DF (0x62 bytes), align: 0
  Segment part 25.            Intra module refs:   zb_sniffer_rs232_tx_interrupt_handler::??INTVEC 59
           ENTRY                   ADDRESS         REF BY
           =====                   =======         ======
           zb_sniffer_rs232_tx_interrupt_handler
                                   0000047E 
               interrupt function
               calls direct
               XSTACK = 00000000 ( 00000010 )
    -------------------------------------------------------------------------
NEAR_CODE
  Relative segment, address: CODE 000004E0 - 0000054B (0x6c bytes), align: 0
  Segment part 26.            Intra module refs:   zb_sniffer_rs232_rx_interrupt_handler::??INTVEC 19
           ENTRY                   ADDRESS         REF BY
           =====                   =======         ======
           zb_sniffer_rs232_rx_interrupt_handler
                                   000004E0 
               interrupt function
               ISTACK = 00000000 ( 00000007 )
    -------------------------------------------------------------------------
INTVEC
  Common segment, address: CODE 00000000 - 00000015 (0x16 bytes), align: 0
  Segment part 13. ROOT 
           ENTRY                   ADDRESS         REF BY
           =====                   =======         ======
           zb_sniffer_rs232_rx_interrupt_handler::??INTVEC 19
                                   00000013 
    -------------------------------------------------------------------------
INTVEC
  Common segment, address: CODE 00000000 - 0000003D (0x3e bytes), align: 0
  Segment part 14. ROOT 
           ENTRY                   ADDRESS         REF BY
           =====                   =======         ======
           zb_sniffer_rs232_tx_interrupt_handler::??INTVEC 59
                                   0000003B 

    *************************************************************************

  FILE NAME : C:\Users\marti\Thesis\ZBOSS-KILLERBEEv2.0\zboss_firmware_src_\hw\debug\SmartRf05Eb\Obj\zb_sniffer_time.r51
  PROGRAM MODULE, NAME : zb_sniffer_time

  SEGMENTS IN THE MODULE
  ======================
SFR_AN
  Relative segment, address: DATA 0000009D - 0000009D (0x1 bytes), align: 0
  Segment part 1. ROOT 
           ENTRY                   ADDRESS         REF BY
           =====                   =======         ======
           SLEEPSTA                0000009D 
    -------------------------------------------------------------------------
SFR_AN
  Relative segment, address: DATA 0000009E - 0000009E (0x1 bytes), align: 0
  Segment part 2. ROOT 
           ENTRY                   ADDRESS         REF BY
           =====                   =======         ======
           CLKCONSTA               0000009E 
    -------------------------------------------------------------------------
SFR_AN
  Relative segment, address: DATA 000000AF - 000000AF (0x1 bytes), align: 0
  Segment part 3. ROOT        Intra module refs:   zb_sniffer_timer_interrupt_handler
           ENTRY                   ADDRESS         REF BY
           =====                   =======         ======
           T1STAT                  000000AF 
    -------------------------------------------------------------------------
SFR_AN
  Relative segment, address: DATA 000000B8 - 000000B8 (0x1 bytes), align: 0
  Segment part 4. ROOT 
           ENTRY                   ADDRESS         REF BY
           =====                   =======         ======
           _A_IEN1                 000000B8 
           LOCAL                   ADDRESS         
           =====                   =======         
           IEN1                    000000B8 
    -------------------------------------------------------------------------
SFR_AN
  Relative segment, address: DATA 000000BE - 000000BE (0x1 bytes), align: 0
  Segment part 5. ROOT 
           ENTRY                   ADDRESS         REF BY
           =====                   =======         ======
           SLEEPCMD                000000BE 
    -------------------------------------------------------------------------
SFR_AN
  Relative segment, address: DATA 000000C6 - 000000C6 (0x1 bytes), align: 0
  Segment part 6. ROOT 
           ENTRY                   ADDRESS         REF BY
           =====                   =======         ======
           CLKCONCMD               000000C6 
    -------------------------------------------------------------------------
SFR_AN
  Relative segment, address: DATA 000000DA - 000000DA (0x1 bytes), align: 0
  Segment part 7. ROOT 
           ENTRY                   ADDRESS         REF BY
           =====                   =======         ======
           T1CC0L                  000000DA 
    -------------------------------------------------------------------------
SFR_AN
  Relative segment, address: DATA 000000DB - 000000DB (0x1 bytes), align: 0
  Segment part 8. ROOT 
           ENTRY                   ADDRESS         REF BY
           =====                   =======         ======
           T1CC0H                  000000DB 
    -------------------------------------------------------------------------
SFR_AN
  Relative segment, address: DATA 000000E4 - 000000E4 (0x1 bytes), align: 0
  Segment part 9. ROOT 
           ENTRY                   ADDRESS         REF BY
           =====                   =======         ======
           T1CTL                   000000E4 
    -------------------------------------------------------------------------
SFR_AN
  Relative segment, address: DATA 000000E5 - 000000E5 (0x1 bytes), align: 0
  Segment part 10. ROOT 
           ENTRY                   ADDRESS         REF BY
           =====                   =======         ======
           T1CCTL0                 000000E5 
    -------------------------------------------------------------------------
XDATA_Z
  Relative segment, address: XDATA 00000F02 - 00000F05 (0x4 bytes), align: 0
  Segment part 17.            Intra module refs:   zb_sniffer_timer_interrupt_handler
           ENTRY                   ADDRESS         REF BY
           =====                   =======         ======
           timer                   00000F02        zb_sniffer_rf_interrupt_handler (zb_sniffer_radio)
    -------------------------------------------------------------------------
NEAR_CODE
  Relative segment, address: CODE 0000054C - 0000058B (0x40 bytes), align: 0
  Segment part 31.            Intra module refs:   zb_sniffer_timer_interrupt_handler::??INTVEC 75
           ENTRY                   ADDRESS         REF BY
           =====                   =======         ======
           zb_sniffer_timer_interrupt_handler
                                   0000054C 
               interrupt function
               ISTACK = 00000000 ( 00000009 )
    -------------------------------------------------------------------------
INTVEC
  Common segment, address: CODE 00000000 - 0000004D (0x4e bytes), align: 0
  Segment part 11. ROOT 
           ENTRY                   ADDRESS         REF BY
           =====                   =======         ======
           zb_sniffer_timer_interrupt_handler::??INTVEC 75
                                   0000004B 
    -------------------------------------------------------------------------
XDATA_I
  Relative segment, address: XDATA 00000F0A - 00000F0D (0x4 bytes), align: 0
  Segment part 19.            Intra module refs:   zb_sniffer_timer_interrupt_handler
           ENTRY                   ADDRESS         REF BY
           =====                   =======         ======
           __Constant_1            00000F0A 
    -------------------------------------------------------------------------
XDATA_ID
  Relative segment, address: CODE 00000107 - 0000010A (0x4 bytes), align: 0
  Segment part 20.            Intra module refs:   __Constant_1

    *************************************************************************

  FILE NAME : C:\Users\marti\Thesis\ZBOSS-KILLERBEEv2.0\zboss_firmware_src_\hw\debug\SmartRf05Eb\Obj\zb_sniffer_transport.r51
  PROGRAM MODULE, NAME : zb_sniffer_transport

  SEGMENTS IN THE MODULE
  ======================
XDATA_Z
  Relative segment, address: XDATA 00000F06 - 00000F09 (0x4 bytes), align: 0
  Segment part 7.             Intra module refs:   zb_sniffer_get_next_block_for_host
           ENTRY                   ADDRESS         REF BY
           =====                   =======         ======
           transport_ctx           00000F06 
    -------------------------------------------------------------------------
XDATA_I
  Relative segment, address: XDATA 00000F0E - 00000F0F (0x2 bytes), align: 0
  Segment part 8.             Intra module refs:   zb_sniffer_get_next_block_for_host
           LOCAL                   ADDRESS         
           =====                   =======         
           preamble                00000F0E 
    -------------------------------------------------------------------------
<BANKED_CODE> 1 (was BANKED_CODE)
  Relative segment, address: CODE 0000058C - 00000698 (0x10d bytes), align: 0
  Segment part 14.            Intra module refs:   zb_sniffer_get_next_block_for_host::?relay
           ENTRY                   ADDRESS         REF BY
           =====                   =======         ======
           zb_sniffer_get_next_block_for_host
                                   0000058C 
               XSTACK = 00000000 ( 00000009 )
    -------------------------------------------------------------------------
XDATA_ID
  Relative segment, address: CODE 0000010B - 0000010C (0x2 bytes), align: 0
  Segment part 9.             Intra module refs:   preamble
    -------------------------------------------------------------------------
BANK_RELAYS
  Relative segment, address: CODE 0000010D - 00000112 (0x6 bytes), align: 0
  Segment part 15.
           ENTRY                   ADDRESS         REF BY
           =====                   =======         ======
           zb_sniffer_get_next_block_for_host::?relay
                                   0000010D        zb_sniffer_rs232_tx_interrupt_handler (zb_sniffer_rs232)

    *************************************************************************

  FILE NAME : C:\Program Files (x86)\IAR Systems\Embedded Workbench 8.1\8051\LIB\CLIB\cl-pli-blxd-1e16x01.r51
  LIBRARY MODULE, NAME : ?cexit

  SEGMENTS IN THE MODULE
  ======================
CSTART
  Relative segment, address: CODE 00000086 - 0000008A (0x5 bytes), align: 0
  Segment part 0.
           ENTRY                   ADDRESS         REF BY
           =====                   =======         ======
           exit                    00000086        ?call_main (?cmain)
           ?C_EXIT                 00000086 
           ?ROM_MONITOR_NOPS       00000086 

    -------------------------------------------------------------------------
  LIBRARY MODULE, NAME : ?cmain

  SEGMENTS IN THE MODULE
  ======================
CSTART
  Relative segment, address: CODE 0000008B, align: 0
  Segment part 5.
           ENTRY                   ADDRESS         REF BY
           =====                   =======         ======
           ?cmain                  0000008B        Segment part 13 (CSTARTUP)
               calls direct
    -------------------------------------------------------------------------
CSTART
  Relative segment, address: CODE 0000008B - 0000009A (0x10 bytes), align: 0
  Segment part 16.
           ENTRY                   ADDRESS         REF BY
           =====                   =======         ======
           __INIT_XDATA_Z          0000008B        fifo_overflow (zb_sniffer_radio)
                                                   timer (zb_sniffer_time)
                                                   transport_ctx (zb_sniffer_transport)
                                                   tx_in_progress (zb_sniffer_rs232)
    -------------------------------------------------------------------------
CSTART
  Relative segment, address: CODE 0000009B - 000000C0 (0x26 bytes), align: 0
  Segment part 33.
           ENTRY                   ADDRESS         REF BY
           =====                   =======         ======
           __INIT_XDATA_I          0000009B        __Constant_1 (zb_sniffer_time)
                                                   preamble (zb_sniffer_transport)
    -------------------------------------------------------------------------
CSTART
  Relative segment, address: CODE 000000C1 - 000000D6 (0x16 bytes), align: 0
  Segment part 38.            Intra module refs:   ?cmain
           ENTRY                   ADDRESS         REF BY
           =====                   =======         ======
           ?call_main              000000C1 

    -------------------------------------------------------------------------
  LIBRARY MODULE, NAME : CSTARTUP

  SEGMENTS IN THE MODULE
  ======================
REGISTERS
  Relative segment, address: DATA 00000000, align: 0
  Segment part 0.             Intra module refs:   Segment part 6
           ENTRY                   ADDRESS         REF BY
           =====                   =======         ======
           ?REGISTERS              00000000 
    -------------------------------------------------------------------------
ISTACK
  Relative segment, address: IDATA 000000C0, align: 0
  Segment part 1.             Intra module refs:   Segment part 6
           ENTRY                   ADDRESS         REF BY
           =====                   =======         ======
           ?ISTACK_START           000000C0 
    -------------------------------------------------------------------------
XSTACK
  Relative segment, address: XDATA 00000001, align: 0
  Segment part 3.             Intra module refs:   ?RESET_XSP
           ENTRY                   ADDRESS         REF BY
           =====                   =======         ======
           ?XSTACK_START           00000001 
    -------------------------------------------------------------------------
INTVEC
  Common segment, address: CODE 00000000 - 00000002 (0x3 bytes), align: 0
  Segment part 5. ROOT        Intra module refs:   Segment part 6
    -------------------------------------------------------------------------
CSTART
  Relative segment, address: CODE 000000D7 - 000000DC (0x6 bytes), align: 0
  Segment part 6. ROOT        Intra module refs:   Segment part 5
           ENTRY                   ADDRESS         REF BY
           =====                   =======         ======
           __program_start         000000D7        Absolute parts (?ABS_ENTRY_MOD)
           ?RESET_SP               000000DA 
    -------------------------------------------------------------------------
CSTART
  Relative segment, address: CODE 000000DD - 000000E2 (0x6 bytes), align: 0
  Segment part 8.
           ENTRY                   ADDRESS         REF BY
           =====                   =======         ======
           ?RESET_XSP              000000DD        ?XSP (VIRTUAL_REGISTERS)
    -------------------------------------------------------------------------
CSTART
  Relative segment, address: CODE 000000E3 - 000000E5 (0x3 bytes), align: 0
  Segment part 9.
           ENTRY                   ADDRESS         REF BY
           =====                   =======         ======
           ?RESET_CODE_BANK        000000E3        Absolute parts (?BANKED_CODE_SUPPORT)
    -------------------------------------------------------------------------
CSTART
  Relative segment, address: CODE 000000E6 - 000000E8 (0x3 bytes), align: 0
  Segment part 13.            Intra module refs:   Absolute parts

    -------------------------------------------------------------------------
  LIBRARY MODULE, NAME : VIRTUAL_REGISTERS

  SEGMENTS IN THE MODULE
  ======================
BREG
  Relative segment, address: BIT 00000020.0 - 00000020.7 (0x8 bits), align: 0
  Segment part 0.
           ENTRY                   ADDRESS         REF BY
           =====                   =======         ======
           ?B0                     00000020.0      Absolute parts (CSTARTUP)
    -------------------------------------------------------------------------
VREG
  Relative segment, address: DATA 00000008 - 00000008 (0x1 bytes), align: 0
  Segment part 1.             Intra module refs:   ?V1
           ENTRY                   ADDRESS         REF BY
           =====                   =======         ======
           ?V0                     00000008        ?BANKED_ENTER_XDATA (?BANKED_ENTER_XDATA)
                                                   ?BANKED_LEAVE_XDATA (?BANKED_LEAVE_XDATA)
                                                   ?INTERRUPT_ENTER_XSP (?INTERRUPT_ENTER_XSP)
                                                   ?INTERRUPT_LEAVE_XSP (?INTERRUPT_LEAVE_XSP)
                                                   zb_sniffer_rf_interrupt_handler (zb_sniffer_radio)
                                                   zb_sniffer_timer_interrupt_handler (zb_sniffer_time)
    -------------------------------------------------------------------------
VREG
  Relative segment, address: DATA 00000009 - 00000009 (0x1 bytes), align: 0
  Segment part 2.             Intra module refs:   ?V2
           ENTRY                   ADDRESS         REF BY
           =====                   =======         ======
           ?V1                     00000009        zb_sniffer_rf_interrupt_handler (zb_sniffer_radio)
                                                   zb_sniffer_timer_interrupt_handler (zb_sniffer_time)
    -------------------------------------------------------------------------
VREG
  Relative segment, address: DATA 0000000A - 0000000A (0x1 bytes), align: 0
  Segment part 3.             Intra module refs:   ?V3
           ENTRY                   ADDRESS         REF BY
           =====                   =======         ======
           ?V2                     0000000A        zb_sniffer_timer_interrupt_handler (zb_sniffer_time)
    -------------------------------------------------------------------------
VREG
  Relative segment, address: DATA 0000000B - 0000000B (0x1 bytes), align: 0
  Segment part 4.
           ENTRY                   ADDRESS         REF BY
           =====                   =======         ======
           ?V3                     0000000B        zb_sniffer_timer_interrupt_handler (zb_sniffer_time)
    -------------------------------------------------------------------------
XSP
  Relative segment, address: DATA 0000000C - 0000000D (0x2 bytes), align: 0
  Segment part 34.
           ENTRY                   ADDRESS         REF BY
           =====                   =======         ======
           ?XSP                    0000000C        ?ALLOC_XSTACK8 (?ALLOC_XSTACK8)
                                                   ?BANKED_ENTER_XDATA (?BANKED_ENTER_XDATA)
                                                   ?BANKED_LEAVE_XDATA (?BANKED_LEAVE_XDATA)
                                                   ?DEALLOC_XSTACK8 (?DEALLOC_XSTACK8)
                                                   ?INTERRUPT_ENTER_XSP (?INTERRUPT_ENTER_XSP)
                                                   ?INTERRUPT_LEAVE_XSP (?INTERRUPT_LEAVE_XSP)
                                                   ?RESET_XSP (CSTARTUP)
                                                   zb_sniffer_rs232_tx_interrupt_handler (zb_sniffer_rs232)

    -------------------------------------------------------------------------
  LIBRARY MODULE, NAME : ?BANKED_CODE_SUPPORT

  SEGMENTS IN THE MODULE
  ======================
CSTART
  Relative segment, address: CODE 000000E9 - 00000106 (0x1e bytes), align: 0
  Segment part 0.
           ENTRY                   ADDRESS         REF BY
           =====                   =======         ======
           ?BCALL_FF               000000E9        ?call_main (?cmain)
           ?BRET_FF                000000EF        ?BANKED_LEAVE_XDATA (?BANKED_LEAVE_XDATA)
           ?BDISPATCH_FF           000000F2        zb_sniffer_get_next_block_for_host::?relay (zb_sniffer_transport)

    -------------------------------------------------------------------------
  LIBRARY MODULE, NAME : ?L_ADD_TO_X

  SEGMENTS IN THE MODULE
  ======================
RCODE
  Relative segment, address: CODE 00000113 - 00000125 (0x13 bytes), align: 0
  Segment part 1.
           ENTRY                   ADDRESS         REF BY
           =====                   =======         ======
           ?L_ADD_TO_X             00000113        zb_sniffer_timer_interrupt_handler (zb_sniffer_time)

    -------------------------------------------------------------------------
  LIBRARY MODULE, NAME : ?L_MOV_X

  SEGMENTS IN THE MODULE
  ======================
RCODE
  Relative segment, address: CODE 00000126 - 00000134 (0xf bytes), align: 0
  Segment part 0.
           ENTRY                   ADDRESS         REF BY
           =====                   =======         ======
           ?L_MOV_X                00000126        zb_sniffer_timer_interrupt_handler (zb_sniffer_time)

    -------------------------------------------------------------------------
  LIBRARY MODULE, NAME : ?XLOAD_R0123

  SEGMENTS IN THE MODULE
  ======================
RCODE
  Relative segment, address: CODE 00000135 - 00000140 (0xc bytes), align: 0
  Segment part 0.
           ENTRY                   ADDRESS         REF BY
           =====                   =======         ======
           ?XLOAD_R0123            00000135        zb_sniffer_rf_interrupt_handler (zb_sniffer_radio)

    -------------------------------------------------------------------------
  LIBRARY MODULE, NAME : ?XSTORE_R0123

  SEGMENTS IN THE MODULE
  ======================
RCODE
  Relative segment, address: CODE 00000141 - 0000014C (0xc bytes), align: 0
  Segment part 0.
           ENTRY                   ADDRESS         REF BY
           =====                   =======         ======
           ?XSTORE_R0123           00000141        zb_sniffer_rf_interrupt_handler (zb_sniffer_radio)

    -------------------------------------------------------------------------
  LIBRARY MODULE, NAME : ?S_DIV_MOD

  SEGMENTS IN THE MODULE
  ======================
RCODE
  Relative segment, address: CODE 0000014D - 000001A5 (0x59 bytes), align: 0
  Segment part 1.
           ENTRY                   ADDRESS         REF BY
           =====                   =======         ======
           ?US_DIV_MOD             0000014D        zb_sniffer_get_next_block_for_host (zb_sniffer_transport)
                                                   zb_sniffer_rf_interrupt_handler (zb_sniffer_radio)

    -------------------------------------------------------------------------
  LIBRARY MODULE, NAME : ?ALLOC_XSTACK8

  SEGMENTS IN THE MODULE
  ======================
RCODE
  Relative segment, address: CODE 000001A6 - 000001BB (0x16 bytes), align: 0
  Segment part 0.
           ENTRY                   ADDRESS         REF BY
           =====                   =======         ======
           ?ALLOC_XSTACK8          000001A6        zb_sniffer_rs232_tx_interrupt_handler (zb_sniffer_rs232)

    -------------------------------------------------------------------------
  LIBRARY MODULE, NAME : ?DEALLOC_XSTACK8

  SEGMENTS IN THE MODULE
  ======================
RCODE
  Relative segment, address: CODE 000001BC - 000001D6 (0x1b bytes), align: 0
  Segment part 0.
           ENTRY                   ADDRESS         REF BY
           =====                   =======         ======
           ?DEALLOC_XSTACK8        000001BC        zb_sniffer_rs232_tx_interrupt_handler (zb_sniffer_rs232)

    -------------------------------------------------------------------------
  LIBRARY MODULE, NAME : ?BANKED_ENTER_XDATA

  SEGMENTS IN THE MODULE
  ======================
RCODE
  Relative segment, address: CODE 000001D7 - 00000242 (0x6c bytes), align: 0
  Segment part 1.
           ENTRY                   ADDRESS         REF BY
           =====                   =======         ======
           ?BANKED_ENTER_XDATA     000001D7        zb_sniffer_get_next_block_for_host (zb_sniffer_transport)

    -------------------------------------------------------------------------
  LIBRARY MODULE, NAME : ?BANKED_LEAVE_XDATA

  SEGMENTS IN THE MODULE
  ======================
RCODE
  Relative segment, address: CODE 00000243 - 00000288 (0x46 bytes), align: 0
  Segment part 1.
           ENTRY                   ADDRESS         REF BY
           =====                   =======         ======
           ?BANKED_LEAVE_XDATA     00000243        zb_sniffer_get_next_block_for_host (zb_sniffer_transport)

    -------------------------------------------------------------------------
  LIBRARY MODULE, NAME : ?INTERRUPT_ENTER_XSP

  SEGMENTS IN THE MODULE
  ======================
RCODE
  Relative segment, address: CODE 00000289 - 000002E7 (0x5f bytes), align: 0
  Segment part 1.
           ENTRY                   ADDRESS         REF BY
           =====                   =======         ======
           ?INTERRUPT_ENTER_XSP    00000289        zb_sniffer_rf_interrupt_handler (zb_sniffer_radio)
                                                   zb_sniffer_rs232_tx_interrupt_handler (zb_sniffer_rs232)

    -------------------------------------------------------------------------
  LIBRARY MODULE, NAME : ?INTERRUPT_LEAVE_XSP

  SEGMENTS IN THE MODULE
  ======================
RCODE
  Relative segment, address: CODE 000002E8 - 0000033F (0x58 bytes), align: 0
  Segment part 1.
           ENTRY                   ADDRESS         REF BY
           =====                   =======         ======
           ?INTERRUPT_LEAVE_XSP    000002E8        zb_sniffer_rf_interrupt_handler (zb_sniffer_radio)
                                                   zb_sniffer_rs232_tx_interrupt_handler (zb_sniffer_rs232)




                ****************************************
                *                                      *
                *      SEGMENTS IN ADDRESS ORDER       *
                *                                      *
                ****************************************


SEGMENT              SPACE    START ADDRESS   END ADDRESS     SIZE  TYPE  ALIGN
=======              =====    =============   ===========     ====  ====  =====
INTVEC               CODE          00000000 - 00000085          86   com    0
CSTART               CODE          00000086 - 00000106          81   rel    0
DATA_ID              CODE               00000107                     dse    0
BDATA_ID             CODE               00000107                     dse    0
BIT_ID               CODE               00000107                     dse    0
IDATA_ID             CODE               00000107                     dse    0
IXDATA_ID            CODE               00000107                     dse    0
PDATA_ID             CODE               00000107                     dse    0
XDATA_ID             CODE          00000107 - 0000010C           6   rel    0
BANK_RELAYS          CODE          0000010D - 00000112           6   rel    0
RCODE                CODE          00000113 - 0000033F         22D   rel    0
DIFUNCT              CODE               00000340                     dse    0
CODE_C               CODE               00000340                     dse    0
CODE_N               CODE               00000340                     dse    0
NEAR_CODE            CODE          00000340 - 0000058B         24C   rel    0
<BANKED_CODE> 1      CODE          0000058C - 00000698         10D   rel    0
REGISTERS            DATA          00000000 - 00000007           8   rel    0
VREG                 DATA          00000008 - 0000000B           4   rel    0
PSP                  DATA               0000000C                     dse    0
XSP                  DATA          0000000C - 0000000D           2   rel    0
BREG                 BIT        00000020.0  -  00000020.7        8   rel    0
SFR_AN               DATA          00000080 - 00000080           1   rel    0
                     DATA          00000086 - 00000086           1 
                     DATA          00000088 - 00000088           1 
                     DATA          00000090 - 00000091           2 
                     DATA          0000009A - 0000009B           2 
                     DATA          0000009D - 0000009E           2 
                     DATA          000000A8 - 000000A8           1 
                     DATA          000000AF - 000000AF           1 
                     DATA          000000B8 - 000000B8           1 
                     DATA          000000BE - 000000BF           2 
                     DATA          000000C1 - 000000C2           2 
                     DATA          000000C4 - 000000C6           3 
                     DATA          000000D9 - 000000DB           3 
                     DATA          000000E1 - 000000E5           5 
                     DATA          000000E8 - 000000E9           2 
                     DATA          000000F1 - 000000F4           4 
                     DATA          000000FE - 000000FF           2 
XSTACK               XDATA         00000001 - 00000EFF         EFF   rel    0
XDATA_Z              XDATA         00000F00 - 00000F09           A   rel    0
XDATA_I              XDATA         00000F0A - 00000F0F           6   rel    0
ISTACK               IDATA         000000C0 - 000000FF          40   rel    0

                ****************************************
                *                                      *
                *        END OF CROSS REFERENCE        *
                *                                      *
                ****************************************

 1 689 bytes of CODE  memory
    14 bytes of DATA  memory (+ 35 absolute )
 3 855 bytes of XDATA memory
    64 bytes of IDATA memory
     8 bits  of BIT   memory

Errors: 3
Warnings: none

